2026-03-28 04:38:39 [认证] 登录 成功: 用户=admin from [240e:b67:128b:f500:dc61:f578:d55c:7262] (登录成功)
2026-03-28 04:38:39 [访问] / (用户=admin from [240e:b67:128b:f500:dc61:f578:d55c:7262])
2026-03-28 04:38:40 [API] GET /api/status (用户=admin from [240e:b67:128b:f500:dc61:f578:d55c:7262]) -> 200 (148.409µs)
2026-03-28 04:38:40 [API] GET /api/status (用户=admin from [240e:b67:128b:f500:dc61:f578:d55c:7262]) -> 200 (210.002µs)
2026-03-28 04:38:40 [API] GET /api/files (用户=admin from [240e:b67:128b:f500:dc61:f578:d55c:7262]) -> 200 (207.152µs)
2026-03-28 04:38:40 [API] GET /api/system/status (用户=admin from [240e:b67:128b:f500:dc61:f578:d55c:7262]) -> 200 (501.730511ms)
2026-03-28 04:38:40 [API] GET /api/system/status (用户=admin from [240e:b67:128b:f500:dc61:f578:d55c:7262]) -> 200 (501.790677ms)
2026-03-28 04:38:40 [API] GET /api/system/status (用户=admin from [240e:b67:128b:f500:dc61:f578:d55c:7262]) -> 200 (501.572612ms)
2026-03-28 04:38:40 [API] GET /api/system/status (用户=admin from [240e:b67:128b:f500:dc61:f578:d55c:7262]) -> 200 (501.618173ms)
2026-03-28 04:38:40 [API] GET /api/system/status (用户=admin from [240e:b67:128b:f500:dc61:f578:d55c:7262]) -> 200 (501.788086ms)
2026-03-28 04:38:40 [API] GET /api/system/status (用户=admin from [240e:b67:128b:f500:dc61:f578:d55c:7262]) -> 200 (501.870234ms)
2026-03-28 04:38:40 [API] GET /api/sites (用户=admin from [240e:b67:128b:f500:dc61:f578:d55c:7262]) -> 200 (318.049µs)
2026-03-28 04:38:47 [API] GET /api/ftp/users (用户=admin from [240e:b67:128b:f500:dc61:f578:d55c:7262]) -> 200 (18.908µs)
2026-03-28 04:38:50 [API] GET /api/system/status (用户=admin from [240e:b67:128b:f500:dc61:f578:d55c:7262]) -> 200 (501.905161ms)
2026-03-28 04:38:50 [API] GET /api/system/status (用户=admin from [240e:b67:128b:f500:dc61:f578:d55c:7262]) -> 200 (501.974232ms)
2026-03-28 04:38:51 [API] POST /api/ftp/users/add (用户=admin from [240e:b67:128b:f500:dc61:f578:d55c:7262]) -> 200 (478.568µs)
2026-03-28 04:38:51 [API] GET /api/ftp/users (用户=admin from [240e:b67:128b:f500:dc61:f578:d55c:7262]) -> 200 (19.245µs)
2026-03-28 04:39:00 [API] GET /api/system/status (用户=admin from [240e:b67:128b:f500:dc61:f578:d55c:7262]) -> 200 (501.716202ms)
2026-03-28 04:39:00 [API] GET /api/system/status (用户=admin from [240e:b67:128b:f500:dc61:f578:d55c:7262]) -> 200 (502.411987ms)
2026-03-28 04:39:10 [API] GET /api/system/status (用户=admin from [240e:b67:128b:f500:dc61:f578:d55c:7262]) -> 200 (501.936513ms)
2026-03-28 04:39:10 [API] GET /api/system/status (用户=admin from [240e:b67:128b:f500:dc61:f578:d55c:7262]) -> 200 (501.998196ms)
2026-03-28 04:39:20 [API] GET /api/system/status (用户=admin from [240e:b67:128b:f500:dc61:f578:d55c:7262]) -> 200 (501.814457ms)
2026-03-28 04:39:20 [API] GET /api/system/status (用户=admin from [240e:b67:128b:f500:dc61:f578:d55c:7262]) -> 200 (501.863452ms)
2026-03-28 04:39:30 [API] GET /api/system/status (用户=admin from [240e:b67:128b:f500:dc61:f578:d55c:7262]) -> 200 (501.510518ms)
2026-03-28 04:39:30 [API] GET /api/system/status (用户=admin from [240e:b67:128b:f500:dc61:f578:d55c:7262]) -> 200 (501.565893ms)
2026-03-28 04:39:40 [API] GET /api/system/status (用户=admin from [240e:b67:128b:f500:dc61:f578:d55c:7262]) -> 200 (501.78737ms)
2026-03-28 04:39:40 [API] GET /api/system/status (用户=admin from [240e:b67:128b:f500:dc61:f578:d55c:7262]) -> 200 (501.832939ms)
2026-03-28 04:39:50 [API] GET /api/system/status (用户=admin from [240e:b67:128b:f500:dc61:f578:d55c:7262]) -> 200 (501.908896ms)
2026-03-28 04:39:50 [API] GET /api/system/status (用户=admin from [240e:b67:128b:f500:dc61:f578:d55c:7262]) -> 200 (501.955738ms)
2026-03-28 04:40:01 [API] GET /api/system/status (用户=admin from [240e:b67:128b:f500:dc61:f578:d55c:7262]) -> 200 (501.812273ms)
2026-03-28 04:40:01 [API] GET /api/system/status (用户=admin from [240e:b67:128b:f500:dc61:f578:d55c:7262]) -> 200 (501.874934ms)
2026-03-28 04:40:11 [API] GET /api/system/status (用户=admin from [240e:b67:128b:f500:dc61:f578:d55c:7262]) -> 200 (501.251753ms)
2026-03-28 04:40:11 [API] GET /api/system/status (用户=admin from [240e:b67:128b:f500:dc61:f578:d55c:7262]) -> 200 (501.311295ms)
2026-03-28 04:40:21 [API] GET /api/system/status (用户=admin from [240e:b67:128b:f500:dc61:f578:d55c:7262]) -> 200 (501.737963ms)
2026-03-28 04:40:21 [API] GET /api/system/status (用户=admin from [240e:b67:128b:f500:dc61:f578:d55c:7262]) -> 200 (501.855155ms)
2026-03-28 04:41:26 [认证] 登录 成功: 用户=admin from [240e:b67:128b:f500:dc61:f578:d55c:7262] (登录成功)
2026-03-28 04:41:26 [访问] / (用户=admin from [240e:b67:128b:f500:dc61:f578:d55c:7262])
2026-03-28 04:41:27 [API] GET /api/status (用户=admin from [240e:b67:128b:f500:dc61:f578:d55c:7262]) -> 200 (942.179µs)
2026-03-28 04:41:27 [API] GET /api/status (用户=admin from [240e:b67:128b:f500:dc61:f578:d55c:7262]) -> 200 (1.053456ms)
2026-03-28 04:41:27 [API] GET /api/files (用户=admin from [240e:b67:128b:f500:dc61:f578:d55c:7262]) -> 200 (708.834µs)
2026-03-28 04:41:27 [API] GET /api/system/status (用户=admin from [240e:b67:128b:f500:dc61:f578:d55c:7262]) -> 200 (504.627369ms)
2026-03-28 04:41:27 [API] GET /api/system/status (用户=admin from [240e:b67:128b:f500:dc61:f578:d55c:7262]) -> 200 (504.75526ms)
2026-03-28 04:41:27 [API] GET /api/system/status (用户=admin from [240e:b67:128b:f500:dc61:f578:d55c:7262]) -> 200 (504.358673ms)
2026-03-28 04:41:27 [API] GET /api/system/status (用户=admin from [240e:b67:128b:f500:dc61:f578:d55c:7262]) -> 200 (504.446624ms)
2026-03-28 04:41:27 [API] GET /api/system/status (用户=admin from [240e:b67:128b:f500:dc61:f578:d55c:7262]) -> 200 (504.283577ms)
2026-03-28 04:41:27 [API] GET /api/system/status (用户=admin from [240e:b67:128b:f500:dc61:f578:d55c:7262]) -> 200 (504.360355ms)
2026-03-28 04:41:30 [API] GET /api/sites (用户=admin from [240e:b67:128b:f500:dc61:f578:d55c:7262]) -> 200 (79.417µs)
2026-03-28 04:41:33 [API] GET /api/ftp/users (用户=admin from [240e:b67:128b:f500:dc61:f578:d55c:7262]) -> 200 (57.953µs)
2026-03-28 04:41:37 [API] GET /api/system/status (用户=admin from [240e:b67:128b:f500:dc61:f578:d55c:7262]) -> 200 (502.191005ms)
2026-03-28 04:41:37 [API] GET /api/system/status (用户=admin from [240e:b67:128b:f500:dc61:f578:d55c:7262]) -> 200 (502.242015ms)
2026-03-28 04:41:47 [API] GET /api/system/status (用户=admin from [240e:b67:128b:f500:dc61:f578:d55c:7262]) -> 200 (504.738347ms)
2026-03-28 04:41:47 [API] GET /api/system/status (用户=admin from [240e:b67:128b:f500:dc61:f578:d55c:7262]) -> 200 (504.861766ms)
2026-03-28 04:41:57 [API] GET /api/system/status (用户=admin from [240e:b67:128b:f500:dc61:f578:d55c:7262]) -> 200 (504.75563ms)
2026-03-28 04:41:57 [API] GET /api/system/status (用户=admin from [240e:b67:128b:f500:dc61:f578:d55c:7262]) -> 200 (504.894493ms)
2026-03-28 04:42:07 [API] GET /api/system/status (用户=admin from [240e:b67:128b:f500:dc61:f578:d55c:7262]) -> 200 (504.633337ms)
2026-03-28 04:42:07 [API] GET /api/system/status (用户=admin from [240e:b67:128b:f500:dc61:f578:d55c:7262]) -> 200 (504.747118ms)
2026-03-28 04:42:18 [API] GET /api/system/status (用户=admin from [240e:b67:128b:f500:dc61:f578:d55c:7262]) -> 200 (501.871513ms)
2026-03-28 04:42:18 [API] GET /api/system/status (用户=admin from [240e:b67:128b:f500:dc61:f578:d55c:7262]) -> 200 (501.911047ms)
2026-03-28 04:42:28 [API] GET /api/system/status (用户=admin from [240e:b67:128b:f500:dc61:f578:d55c:7262]) -> 200 (504.786963ms)
2026-03-28 04:42:28 [API] GET /api/system/status (用户=admin from [240e:b67:128b:f500:dc61:f578:d55c:7262]) -> 200 (504.906848ms)
2026-03-28 04:42:38 [API] GET /api/system/status (用户=admin from [240e:b67:128b:f500:dc61:f578:d55c:7262]) -> 200 (504.652403ms)
2026-03-28 04:42:38 [API] GET /api/system/status (用户=admin from [240e:b67:128b:f500:dc61:f578:d55c:7262]) -> 200 (504.800758ms)
2026-03-28 04:42:48 [API] GET /api/system/status (用户=admin from [240e:b67:128b:f500:dc61:f578:d55c:7262]) -> 200 (504.723631ms)
2026-03-28 04:42:48 [API] GET /api/system/status (用户=admin from [240e:b67:128b:f500:dc61:f578:d55c:7262]) -> 200 (504.808381ms)
2026-03-28 04:42:58 [API] GET /api/system/status (用户=admin from [240e:b67:128b:f500:dc61:f578:d55c:7262]) -> 200 (504.715909ms)
2026-03-28 04:42:58 [API] GET /api/system/status (用户=admin from [240e:b67:128b:f500:dc61:f578:d55c:7262]) -> 200 (504.828494ms)
2026-03-28 04:43:08 [API] GET /api/system/status (用户=admin from [240e:b67:128b:f500:dc61:f578:d55c:7262]) -> 200 (504.79826ms)
2026-03-28 04:43:08 [API] GET /api/system/status (用户=admin from [240e:b67:128b:f500:dc61:f578:d55c:7262]) -> 200 (504.907978ms)
2026-03-28 04:43:28 [API] GET /api/system/status (用户=admin from [240e:b67:128b:f500:dc61:f578:d55c:7262]) -> 200 (504.598404ms)
2026-03-28 04:43:28 [API] GET /api/system/status (用户=admin from [240e:b67:128b:f500:dc61:f578:d55c:7262]) -> 200 (504.687024ms)
2026-03-28 04:44:12 [API] GET /api/system/status (用户=admin from [240e:b67:128b:f500:dc61:f578:d55c:7262]) -> 200 (502.00137ms)
2026-03-28 04:44:12 [API] GET /api/system/status (用户=admin from [240e:b67:128b:f500:dc61:f578:d55c:7262]) -> 200 (502.055604ms)
2026-03-28 04:44:28 [API] GET /api/system/status (用户=admin from [240e:b67:128b:f500:dc61:f578:d55c:7262]) -> 200 (504.702735ms)
2026-03-28 04:44:28 [API] GET /api/system/status (用户=admin from [240e:b67:128b:f500:dc61:f578:d55c:7262]) -> 200 (504.817914ms)
2026-03-28 04:45:12 [API] GET /api/system/status (用户=admin from [240e:b67:128b:f500:dc61:f578:d55c:7262]) -> 200 (501.636436ms)
2026-03-28 04:45:12 [API] GET /api/system/status (用户=admin from [240e:b67:128b:f500:dc61:f578:d55c:7262]) -> 200 (501.680693ms)
2026-03-28 04:45:28 [API] GET /api/system/status (用户=admin from [240e:b67:128b:f500:dc61:f578:d55c:7262]) -> 200 (504.645186ms)
2026-03-28 04:45:28 [API] GET /api/system/status (用户=admin from [240e:b67:128b:f500:dc61:f578:d55c:7262]) -> 200 (504.755908ms)
2026-03-28 04:48:33 [认证] 登录 成功: 用户=admin from [240e:b67:128b:f500:dc61:f578:d55c:7262] (登录成功)
2026-03-28 04:48:33 [访问] / (用户=admin from [240e:b67:128b:f500:dc61:f578:d55c:7262])
2026-03-28 04:48:33 [API] GET /api/status (用户=admin from [240e:b67:128b:f500:dc61:f578:d55c:7262]) -> 200 (440.324µs)
2026-03-28 04:48:33 [API] GET /api/status (用户=admin from [240e:b67:128b:f500:dc61:f578:d55c:7262]) -> 200 (561.169µs)
2026-03-28 04:48:33 [API] GET /api/files (用户=admin from [240e:b67:128b:f500:dc61:f578:d55c:7262]) -> 200 (473.62µs)
2026-03-28 04:48:34 [API] GET /api/system/status (用户=admin from [240e:b67:128b:f500:dc61:f578:d55c:7262]) -> 200 (504.016766ms)
2026-03-28 04:48:34 [API] GET /api/system/status (用户=admin from [240e:b67:128b:f500:dc61:f578:d55c:7262]) -> 200 (504.125628ms)
2026-03-28 04:48:34 [API] GET /api/system/status (用户=admin from [240e:b67:128b:f500:dc61:f578:d55c:7262]) -> 200 (503.775392ms)
2026-03-28 04:48:34 [API] GET /api/system/status (用户=admin from [240e:b67:128b:f500:dc61:f578:d55c:7262]) -> 200 (503.874185ms)
2026-03-28 04:48:34 [API] GET /api/system/status (用户=admin from [240e:b67:128b:f500:dc61:f578:d55c:7262]) -> 200 (504.113538ms)
2026-03-28 04:48:34 [API] GET /api/system/status (用户=admin from [240e:b67:128b:f500:dc61:f578:d55c:7262]) -> 200 (504.412068ms)
2026-03-28 04:48:34 [API] GET /api/sites (用户=admin from [240e:b67:128b:f500:dc61:f578:d55c:7262]) -> 200 (67.357µs)
2026-03-28 04:48:39 [API] GET /api/ftp/users (用户=admin from [240e:b67:128b:f500:dc61:f578:d55c:7262]) -> 200 (52.945µs)
2026-03-28 04:48:44 [API] GET /api/system/status (用户=admin from [240e:b67:128b:f500:dc61:f578:d55c:7262]) -> 200 (507.077287ms)
2026-03-28 04:48:44 [API] GET /api/system/status (用户=admin from [240e:b67:128b:f500:dc61:f578:d55c:7262]) -> 200 (507.188977ms)
2026-03-28 04:48:52 [API] GET /api/sites (用户=admin from [240e:b67:128b:f500:dc61:f578:d55c:7262]) -> 200 (70.768µs)
2026-03-28 04:48:54 [API] GET /api/system/status (用户=admin from [240e:b67:128b:f500:dc61:f578:d55c:7262]) -> 200 (503.434623ms)
2026-03-28 04:48:54 [API] GET /api/system/status (用户=admin from [240e:b67:128b:f500:dc61:f578:d55c:7262]) -> 200 (503.508444ms)
2026-03-28 04:49:04 [API] GET /api/system/status (用户=admin from [240e:b67:128b:f500:dc61:f578:d55c:7262]) -> 200 (505.101256ms)
2026-03-28 04:49:04 [API] GET /api/system/status (用户=admin from [240e:b67:128b:f500:dc61:f578:d55c:7262]) -> 200 (505.208936ms)
2026-03-28 04:49:14 [API] GET /api/system/status (用户=admin from [240e:b67:128b:f500:dc61:f578:d55c:7262]) -> 200 (501.674731ms)
2026-03-28 04:49:14 [API] GET /api/system/status (用户=admin from [240e:b67:128b:f500:dc61:f578:d55c:7262]) -> 200 (501.713048ms)
2026-03-28 04:49:24 [API] GET /api/system/status (用户=admin from [240e:b67:128b:f500:dc61:f578:d55c:7262]) -> 200 (504.460308ms)
2026-03-28 04:49:24 [API] GET /api/system/status (用户=admin from [240e:b67:128b:f500:dc61:f578:d55c:7262]) -> 200 (504.565851ms)
2026-03-28 04:49:35 [API] GET /api/system/status (用户=admin from [240e:b67:128b:f500:dc61:f578:d55c:7262]) -> 200 (502.948465ms)
2026-03-28 04:49:35 [API] GET /api/system/status (用户=admin from [240e:b67:128b:f500:dc61:f578:d55c:7262]) -> 200 (503.015261ms)
2026-03-28 04:49:45 [API] GET /api/system/status (用户=admin from [240e:b67:128b:f500:dc61:f578:d55c:7262]) -> 200 (504.959651ms)
2026-03-28 04:49:45 [API] GET /api/system/status (用户=admin from [240e:b67:128b:f500:dc61:f578:d55c:7262]) -> 200 (505.072699ms)
2026-03-28 04:50:53 [认证] 登录 成功: 用户=admin from [240e:b67:128b:f500:dc61:f578:d55c:7262] (登录成功)
2026-03-28 04:50:53 [访问] / (用户=admin from [240e:b67:128b:f500:dc61:f578:d55c:7262])
2026-03-28 04:50:53 [API] GET /api/status (用户=admin from [240e:b67:128b:f500:dc61:f578:d55c:7262]) -> 200 (522.912µs)
2026-03-28 04:50:53 [API] GET /api/status (用户=admin from [240e:b67:128b:f500:dc61:f578:d55c:7262]) -> 200 (644.803µs)
2026-03-28 04:50:53 [API] GET /api/files (用户=admin from [240e:b67:128b:f500:dc61:f578:d55c:7262]) -> 200 (257.988µs)
2026-03-28 04:50:54 [API] GET /api/system/status (用户=admin from [240e:b67:128b:f500:dc61:f578:d55c:7262]) -> 200 (502.19753ms)
2026-03-28 04:50:54 [API] GET /api/system/status (用户=admin from [240e:b67:128b:f500:dc61:f578:d55c:7262]) -> 200 (502.256962ms)
2026-03-28 04:50:54 [API] GET /api/system/status (用户=admin from [240e:b67:128b:f500:dc61:f578:d55c:7262]) -> 200 (502.1993ms)
2026-03-28 04:50:54 [API] GET /api/system/status (用户=admin from [240e:b67:128b:f500:dc61:f578:d55c:7262]) -> 200 (502.243864ms)
2026-03-28 04:50:54 [API] GET /api/system/status (用户=admin from [240e:b67:128b:f500:dc61:f578:d55c:7262]) -> 200 (502.138165ms)
2026-03-28 04:50:54 [API] GET /api/system/status (用户=admin from [240e:b67:128b:f500:dc61:f578:d55c:7262]) -> 200 (502.173125ms)
2026-03-28 04:50:54 [API] GET /api/sites (用户=admin from [240e:b67:128b:f500:dc61:f578:d55c:7262]) -> 200 (46.27µs)
2026-03-28 04:50:58 [API] GET /api/ftp/users (用户=admin from [240e:b67:128b:f500:dc61:f578:d55c:7262]) -> 200 (22.403µs)
2026-03-28 04:51:04 [API] GET /api/system/status (用户=admin from [240e:b67:128b:f500:dc61:f578:d55c:7262]) -> 200 (502.265765ms)
2026-03-28 04:51:04 [API] GET /api/system/status (用户=admin from [240e:b67:128b:f500:dc61:f578:d55c:7262]) -> 200 (502.32109ms)
2026-03-28 04:51:14 [API] GET /api/system/status (用户=admin from [240e:b67:128b:f500:dc61:f578:d55c:7262]) -> 200 (503.274533ms)
2026-03-28 04:51:14 [API] GET /api/system/status (用户=admin from [240e:b67:128b:f500:dc61:f578:d55c:7262]) -> 200 (503.33865ms)
2026-03-28 04:51:24 [API] GET /api/system/status (用户=admin from [240e:b67:128b:f500:dc61:f578:d55c:7262]) -> 200 (502.327656ms)
2026-03-28 04:51:24 [API] GET /api/system/status (用户=admin from [240e:b67:128b:f500:dc61:f578:d55c:7262]) -> 200 (502.377999ms)
2026-03-28 04:51:34 [API] GET /api/system/status (用户=admin from [240e:b67:128b:f500:dc61:f578:d55c:7262]) -> 200 (502.02082ms)
2026-03-28 04:51:34 [API] GET /api/system/status (用户=admin from [240e:b67:128b:f500:dc61:f578:d55c:7262]) -> 200 (502.105088ms)
2026-03-28 04:51:44 [API] GET /api/system/status (用户=admin from [240e:b67:128b:f500:dc61:f578:d55c:7262]) -> 200 (502.131474ms)
2026-03-28 04:51:44 [API] GET /api/system/status (用户=admin from [240e:b67:128b:f500:dc61:f578:d55c:7262]) -> 200 (502.196982ms)
2026-03-28 04:51:54 [API] GET /api/system/status (用户=admin from [240e:b67:128b:f500:dc61:f578:d55c:7262]) -> 200 (501.539945ms)
2026-03-28 04:51:54 [API] GET /api/system/status (用户=admin from [240e:b67:128b:f500:dc61:f578:d55c:7262]) -> 200 (502.063953ms)
2026-03-28 04:52:00 [API] GET /api/system/status (用户=admin from [240e:b67:128b:f500:dc61:f578:d55c:7262]) -> 200 (501.702334ms)
2026-03-28 04:52:00 [API] GET /api/system/status (用户=admin from [240e:b67:128b:f500:dc61:f578:d55c:7262]) -> 200 (501.75839ms)
2026-03-28 04:52:03 [API] GET /api/sites (用户=admin from [240e:b67:128b:f500:dc61:f578:d55c:7262]) -> 200 (24.734µs)
2026-03-28 04:52:04 [API] GET /api/ftp/users (用户=admin from [240e:b67:128b:f500:dc61:f578:d55c:7262]) -> 200 (23.04µs)
2026-03-28 04:52:09 [API] GET /api/system/status (用户=admin from [240e:b67:128b:f500:dc61:f578:d55c:7262]) -> 200 (501.405077ms)
2026-03-28 04:52:09 [API] GET /api/system/status (用户=admin from [240e:b67:128b:f500:dc61:f578:d55c:7262]) -> 200 (501.455303ms)
2026-03-28 04:52:19 [API] GET /api/system/status (用户=admin from [240e:b67:128b:f500:dc61:f578:d55c:7262]) -> 200 (501.778067ms)
2026-03-28 04:52:19 [API] GET /api/system/status (用户=admin from [240e:b67:128b:f500:dc61:f578:d55c:7262]) -> 200 (501.977491ms)
2026-03-28 04:53:14 [认证] 登录 成功: 用户=admin from [240e:b67:128b:f500:dc61:f578:d55c:7262] (登录成功)
2026-03-28 04:53:14 [访问] / (用户=admin from [240e:b67:128b:f500:dc61:f578:d55c:7262])
2026-03-28 04:53:14 [API] GET /api/status (用户=admin from [240e:b67:128b:f500:dc61:f578:d55c:7262]) -> 200 (135.26µs)
2026-03-28 04:53:14 [API] GET /api/status (用户=admin from [240e:b67:128b:f500:dc61:f578:d55c:7262]) -> 200 (175.75µs)
2026-03-28 04:53:14 [API] GET /api/files (用户=admin from [240e:b67:128b:f500:dc61:f578:d55c:7262]) -> 200 (184.479µs)
2026-03-28 04:53:14 [API] GET /api/sites (用户=admin from [240e:b67:128b:f500:dc61:f578:d55c:7262]) -> 200 (70.367µs)
2026-03-28 04:53:15 [API] GET /api/system/status (用户=admin from [240e:b67:128b:f500:dc61:f578:d55c:7262]) -> 200 (502.229495ms)
2026-03-28 04:53:15 [API] GET /api/system/status (用户=admin from [240e:b67:128b:f500:dc61:f578:d55c:7262]) -> 200 (502.2705ms)
2026-03-28 04:53:15 [API] GET /api/system/status (用户=admin from [240e:b67:128b:f500:dc61:f578:d55c:7262]) -> 200 (501.120057ms)
2026-03-28 04:53:15 [API] GET /api/system/status (用户=admin from [240e:b67:128b:f500:dc61:f578:d55c:7262]) -> 200 (501.367772ms)
2026-03-28 04:53:15 [API] GET /api/system/status (用户=admin from [240e:b67:128b:f500:dc61:f578:d55c:7262]) -> 200 (501.797007ms)
2026-03-28 04:53:15 [API] GET /api/system/status (用户=admin from [240e:b67:128b:f500:dc61:f578:d55c:7262]) -> 200 (501.815542ms)
2026-03-28 04:53:21 [API] POST /api/sites/batch (用户=admin from [240e:b67:128b:f500:dc61:f578:d55c:7262]) -> 200 (1.73866ms)
2026-03-28 04:53:23 [API] GET /api/ftp/users (用户=admin from [240e:b67:128b:f500:dc61:f578:d55c:7262]) -> 200 (33.939µs)
2026-03-28 04:53:25 [API] GET /api/system/status (用户=admin from [240e:b67:128b:f500:dc61:f578:d55c:7262]) -> 200 (504.423276ms)
2026-03-28 04:53:25 [API] GET /api/system/status (用户=admin from [240e:b67:128b:f500:dc61:f578:d55c:7262]) -> 200 (504.580697ms)
2026-03-28 04:53:28 [API] GET /api/sites (用户=admin from [240e:b67:128b:f500:dc61:f578:d55c:7262]) -> 200 (79.104µs)
2026-03-28 04:53:35 [API] GET /api/system/status (用户=admin from [240e:b67:128b:f500:dc61:f578:d55c:7262]) -> 200 (504.599716ms)
2026-03-28 04:53:35 [API] GET /api/system/status (用户=admin from [240e:b67:128b:f500:dc61:f578:d55c:7262]) -> 200 (504.722176ms)
2026-03-28 04:54:51 [认证] 登录 成功: 用户=admin from [240e:b67:128b:f500:dc61:f578:d55c:7262] (登录成功)
2026-03-28 04:54:51 [访问] / (用户=admin from [240e:b67:128b:f500:dc61:f578:d55c:7262])
2026-03-28 04:54:51 [API] GET /api/status (用户=admin from [240e:b67:128b:f500:dc61:f578:d55c:7262]) -> 200 (538.983µs)
2026-03-28 04:54:51 [API] GET /api/status (用户=admin from [240e:b67:128b:f500:dc61:f578:d55c:7262]) -> 200 (683.209µs)
2026-03-28 04:54:51 [API] GET /api/files (用户=admin from [240e:b67:128b:f500:dc61:f578:d55c:7262]) -> 200 (666.961µs)
2026-03-28 04:54:52 [API] GET /api/system/status (用户=admin from [240e:b67:128b:f500:dc61:f578:d55c:7262]) -> 200 (504.306289ms)
2026-03-28 04:54:52 [API] GET /api/system/status (用户=admin from [240e:b67:128b:f500:dc61:f578:d55c:7262]) -> 200 (504.404194ms)
2026-03-28 04:54:52 [API] GET /api/system/status (用户=admin from [240e:b67:128b:f500:dc61:f578:d55c:7262]) -> 200 (504.049409ms)
2026-03-28 04:54:52 [API] GET /api/system/status (用户=admin from [240e:b67:128b:f500:dc61:f578:d55c:7262]) -> 200 (504.13577ms)
2026-03-28 04:54:52 [API] GET /api/system/status (用户=admin from [240e:b67:128b:f500:dc61:f578:d55c:7262]) -> 200 (504.833566ms)
2026-03-28 04:54:52 [API] GET /api/system/status (用户=admin from [240e:b67:128b:f500:dc61:f578:d55c:7262]) -> 200 (504.914782ms)
2026-03-28 04:54:52 [API] GET /api/sites (用户=admin from [240e:b67:128b:f500:dc61:f578:d55c:7262]) -> 200 (95.947µs)
2026-03-28 04:54:56 [API] GET /api/ftp/users (用户=admin from [240e:b67:128b:f500:dc61:f578:d55c:7262]) -> 200 (54.818µs)
2026-03-28 04:55:02 [API] GET /api/system/status (用户=admin from [240e:b67:128b:f500:dc61:f578:d55c:7262]) -> 200 (507.984649ms)
2026-03-28 04:55:02 [API] GET /api/system/status (用户=admin from [240e:b67:128b:f500:dc61:f578:d55c:7262]) -> 200 (508.156901ms)
2026-03-28 04:55:04 [访问] / (用户=admin from [240e:b67:128b:f500:dc61:f578:d55c:7262])
2026-03-28 04:55:05 [API] GET /api/status (用户=admin from [240e:b67:128b:f500:dc61:f578:d55c:7262]) -> 200 (312.326µs)
2026-03-28 04:55:05 [API] GET /api/status (用户=admin from [240e:b67:128b:f500:dc61:f578:d55c:7262]) -> 200 (430.918µs)
2026-03-28 04:55:05 [API] GET /api/files (用户=admin from [240e:b67:128b:f500:dc61:f578:d55c:7262]) -> 200 (644.401µs)
2026-03-28 04:55:05 [API] GET /api/system/status (用户=admin from [240e:b67:128b:f500:dc61:f578:d55c:7262]) -> 200 (504.441731ms)
2026-03-28 04:55:05 [API] GET /api/system/status (用户=admin from [240e:b67:128b:f500:dc61:f578:d55c:7262]) -> 200 (504.550936ms)
2026-03-28 04:55:05 [API] GET /api/system/status (用户=admin from [240e:b67:128b:f500:dc61:f578:d55c:7262]) -> 200 (502.642047ms)
2026-03-28 04:55:05 [API] GET /api/system/status (用户=admin from [240e:b67:128b:f500:dc61:f578:d55c:7262]) -> 200 (502.665881ms)
2026-03-28 04:55:05 [API] GET /api/system/status (用户=admin from [240e:b67:128b:f500:dc61:f578:d55c:7262]) -> 200 (501.680996ms)
2026-03-28 04:55:05 [API] GET /api/system/status (用户=admin from [240e:b67:128b:f500:dc61:f578:d55c:7262]) -> 200 (501.707583ms)
2026-03-28 04:55:06 [API] GET /api/ftp/users (用户=admin from [240e:b67:128b:f500:dc61:f578:d55c:7262]) -> 200 (56.462µs)
2026-03-28 04:55:15 [API] GET /api/system/status (用户=admin from [240e:b67:128b:f500:dc61:f578:d55c:7262]) -> 200 (502.620454ms)
2026-03-28 04:55:15 [API] GET /api/system/status (用户=admin from [240e:b67:128b:f500:dc61:f578:d55c:7262]) -> 200 (502.689129ms)
2026-03-28 04:55:25 [API] GET /api/system/status (用户=admin from [240e:b67:128b:f500:dc61:f578:d55c:7262]) -> 200 (504.412275ms)
2026-03-28 04:55:25 [API] GET /api/system/status (用户=admin from [240e:b67:128b:f500:dc61:f578:d55c:7262]) -> 200 (504.520629ms)
2026-03-28 04:56:06 [认证] 登录 成功: 用户=admin from 192.168.33.1 (登录成功)
2026-03-28 04:56:06 [访问] / (用户=admin from 192.168.33.1)
2026-03-28 04:56:06 [API] GET /api/status (用户=admin from [240e:b67:128b:f500:dc61:f578:d55c:7262]) -> 200 (526.457µs)
2026-03-28 04:56:06 [API] GET /api/status (用户=admin from [240e:b67:128b:f500:dc61:f578:d55c:7262]) -> 200 (659.363µs)
2026-03-28 04:56:06 [API] GET /api/files (用户=admin from [240e:b67:128b:f500:dc61:f578:d55c:7262]) -> 200 (687.661µs)
2026-03-28 04:56:07 [API] GET /api/system/status (用户=admin from [240e:b67:128b:f500:dc61:f578:d55c:7262]) -> 200 (504.339731ms)
2026-03-28 04:56:07 [API] GET /api/system/status (用户=admin from [240e:b67:128b:f500:dc61:f578:d55c:7262]) -> 200 (504.45221ms)
2026-03-28 04:56:07 [API] GET /api/system/status (用户=admin from [240e:b67:128b:f500:dc61:f578:d55c:7262]) -> 200 (506.915019ms)
2026-03-28 04:56:07 [API] GET /api/system/status (用户=admin from [240e:b67:128b:f500:dc61:f578:d55c:7262]) -> 200 (507.019506ms)
2026-03-28 04:56:07 [API] GET /api/system/status (用户=admin from [240e:b67:128b:f500:dc61:f578:d55c:7262]) -> 200 (506.824038ms)
2026-03-28 04:56:07 [API] GET /api/system/status (用户=admin from [240e:b67:128b:f500:dc61:f578:d55c:7262]) -> 200 (506.910059ms)
2026-03-28 04:56:11 [API] GET /api/sites (用户=admin from [240e:b67:128b:f500:dc61:f578:d55c:7262]) -> 200 (27.553µs)
2026-03-28 04:56:14 [API] GET /api/ftp/users (用户=admin from [240e:b67:128b:f500:dc61:f578:d55c:7262]) -> 200 (60.878µs)
2026-03-28 04:56:17 [API] GET /api/system/status (用户=admin from [240e:b67:128b:f500:dc61:f578:d55c:7262]) -> 200 (504.653571ms)
2026-03-28 04:56:17 [API] GET /api/system/status (用户=admin from [240e:b67:128b:f500:dc61:f578:d55c:7262]) -> 200 (504.754561ms)
2026-03-28 04:56:27 [API] GET /api/system/status (用户=admin from [240e:b67:128b:f500:dc61:f578:d55c:7262]) -> 200 (504.224011ms)
2026-03-28 04:56:27 [API] GET /api/system/status (用户=admin from [240e:b67:128b:f500:dc61:f578:d55c:7262]) -> 200 (504.306075ms)
2026-03-28 04:56:37 [API] GET /api/system/status (用户=admin from [240e:b67:128b:f500:dc61:f578:d55c:7262]) -> 200 (502.335284ms)
2026-03-28 04:56:37 [API] GET /api/system/status (用户=admin from [240e:b67:128b:f500:dc61:f578:d55c:7262]) -> 200 (502.395907ms)
2026-03-28 04:56:47 [API] GET /api/system/status (用户=admin from [240e:b67:128b:f500:dc61:f578:d55c:7262]) -> 200 (504.586119ms)
2026-03-28 04:56:47 [API] GET /api/system/status (用户=admin from [240e:b67:128b:f500:dc61:f578:d55c:7262]) -> 200 (504.688288ms)
2026-03-28 04:56:57 [API] GET /api/system/status (用户=admin from [240e:b67:128b:f500:dc61:f578:d55c:7262]) -> 200 (501.996256ms)
2026-03-28 04:56:57 [API] GET /api/system/status (用户=admin from [240e:b67:128b:f500:dc61:f578:d55c:7262]) -> 200 (502.040568ms)
2026-03-28 04:57:07 [API] GET /api/system/status (用户=admin from [240e:b67:128b:f500:dc61:f578:d55c:7262]) -> 200 (504.726961ms)
2026-03-28 04:57:07 [API] GET /api/system/status (用户=admin from [240e:b67:128b:f500:dc61:f578:d55c:7262]) -> 200 (504.868477ms)
2026-03-28 04:57:17 [API] GET /api/system/status (用户=admin from [240e:b67:128b:f500:dc61:f578:d55c:7262]) -> 200 (502.545112ms)
2026-03-28 04:57:17 [API] GET /api/system/status (用户=admin from [240e:b67:128b:f500:dc61:f578:d55c:7262]) -> 200 (502.620559ms)
2026-03-28 04:57:28 [API] GET /api/system/status (用户=admin from [240e:b67:128b:f500:dc61:f578:d55c:7262]) -> 200 (504.346302ms)
2026-03-28 04:57:28 [API] GET /api/system/status (用户=admin from [240e:b67:128b:f500:dc61:f578:d55c:7262]) -> 200 (504.448472ms)
2026-03-28 04:57:38 [API] GET /api/system/status (用户=admin from [240e:b67:128b:f500:dc61:f578:d55c:7262]) -> 200 (504.563211ms)
2026-03-28 04:57:38 [API] GET /api/system/status (用户=admin from [240e:b67:128b:f500:dc61:f578:d55c:7262]) -> 200 (504.697611ms)
2026-03-28 04:57:48 [API] GET /api/system/status (用户=admin from [240e:b67:128b:f500:dc61:f578:d55c:7262]) -> 200 (504.511353ms)
2026-03-28 04:57:48 [API] GET /api/system/status (用户=admin from [240e:b67:128b:f500:dc61:f578:d55c:7262]) -> 200 (504.618211ms)
2026-03-28 04:57:58 [API] GET /api/system/status (用户=admin from [240e:b67:128b:f500:dc61:f578:d55c:7262]) -> 200 (504.672875ms)
2026-03-28 04:57:58 [API] GET /api/system/status (用户=admin from [240e:b67:128b:f500:dc61:f578:d55c:7262]) -> 200 (504.780595ms)
2026-03-28 04:58:36 [认证] 登录 成功: 用户=admin from [240e:b67:128b:f500:dc61:f578:d55c:7262] (登录成功)
2026-03-28 04:58:36 [访问] / (用户=admin from [240e:b67:128b:f500:dc61:f578:d55c:7262])
2026-03-28 04:58:36 [API] GET /api/status (用户=admin from [240e:b67:128b:f500:dc61:f578:d55c:7262]) -> 200 (404.855µs)
2026-03-28 04:58:36 [API] GET /api/status (用户=admin from [240e:b67:128b:f500:dc61:f578:d55c:7262]) -> 200 (506.855µs)
2026-03-28 04:58:36 [API] GET /api/files (用户=admin from [240e:b67:128b:f500:dc61:f578:d55c:7262]) -> 200 (670.306µs)
2026-03-28 04:58:37 [API] GET /api/system/status (用户=admin from [240e:b67:128b:f500:dc61:f578:d55c:7262]) -> 200 (505.038054ms)
2026-03-28 04:58:37 [API] GET /api/system/status (用户=admin from [240e:b67:128b:f500:dc61:f578:d55c:7262]) -> 200 (505.147845ms)
2026-03-28 04:58:37 [API] GET /api/system/status (用户=admin from [240e:b67:128b:f500:dc61:f578:d55c:7262]) -> 200 (505.049789ms)
2026-03-28 04:58:37 [API] GET /api/system/status (用户=admin from [240e:b67:128b:f500:dc61:f578:d55c:7262]) -> 200 (505.248811ms)
2026-03-28 04:58:37 [API] GET /api/system/status (用户=admin from [240e:b67:128b:f500:dc61:f578:d55c:7262]) -> 200 (507.145799ms)
2026-03-28 04:58:37 [API] GET /api/system/status (用户=admin from [240e:b67:128b:f500:dc61:f578:d55c:7262]) -> 200 (507.277154ms)
2026-03-28 04:58:37 [API] GET /api/sites (用户=admin from [240e:b67:128b:f500:dc61:f578:d55c:7262]) -> 200 (69.498µs)
2026-03-28 04:58:42 [API] GET /api/ftp/users (用户=admin from [240e:b67:128b:f500:dc61:f578:d55c:7262]) -> 200 (73.39µs)
2026-03-28 04:58:47 [API] GET /api/system/status (用户=admin from [240e:b67:128b:f500:dc61:f578:d55c:7262]) -> 200 (502.027877ms)
2026-03-28 04:58:47 [API] GET /api/system/status (用户=admin from [240e:b67:128b:f500:dc61:f578:d55c:7262]) -> 200 (502.093079ms)
2026-03-28 04:58:53 [访问] / (用户=admin from [240e:b67:128b:f500:dc61:f578:d55c:7262])
2026-03-28 04:58:54 [API] GET /api/status (用户=admin from [240e:b67:128b:f500:dc61:f578:d55c:7262]) -> 200 (79.237µs)
2026-03-28 04:58:54 [API] GET /api/status (用户=admin from [240e:b67:128b:f500:dc61:f578:d55c:7262]) -> 200 (114.438µs)
2026-03-28 04:58:54 [API] GET /api/files (用户=admin from [240e:b67:128b:f500:dc61:f578:d55c:7262]) -> 200 (194.056µs)
2026-03-28 04:58:54 [API] GET /api/ftp/users (用户=admin from [240e:b67:128b:f500:dc61:f578:d55c:7262]) -> 200 (61.166µs)
2026-03-28 04:58:54 [API] GET /api/system/status (用户=admin from [240e:b67:128b:f500:dc61:f578:d55c:7262]) -> 200 (504.234623ms)
2026-03-28 04:58:54 [API] GET /api/system/status (用户=admin from [240e:b67:128b:f500:dc61:f578:d55c:7262]) -> 200 (504.334672ms)
2026-03-28 04:58:54 [API] GET /api/system/status (用户=admin from [240e:b67:128b:f500:dc61:f578:d55c:7262]) -> 200 (503.862174ms)
2026-03-28 04:58:54 [API] GET /api/system/status (用户=admin from [240e:b67:128b:f500:dc61:f578:d55c:7262]) -> 200 (503.969111ms)
2026-03-28 04:58:54 [API] GET /api/system/status (用户=admin from [240e:b67:128b:f500:dc61:f578:d55c:7262]) -> 200 (505.831704ms)
2026-03-28 04:58:54 [API] GET /api/system/status (用户=admin from [240e:b67:128b:f500:dc61:f578:d55c:7262]) -> 200 (505.929522ms)
2026-03-28 04:58:55 [API] POST /api/ftp/users/toggle (用户=admin from [240e:b67:128b:f500:dc61:f578:d55c:7262]) -> 200 (490.716µs)
2026-03-28 04:58:56 [API] POST /api/ftp/users/toggle (用户=admin from [240e:b67:128b:f500:dc61:f578:d55c:7262]) -> 200 (1.083746ms)
2026-03-28 04:59:03 [API] POST /api/ftp/users/batch (用户=admin from [240e:b67:128b:f500:dc61:f578:d55c:7262]) -> 200 (832.667µs)
2026-03-28 04:59:03 [API] GET /api/ftp/users (用户=admin from [240e:b67:128b:f500:dc61:f578:d55c:7262]) -> 200 (19.618µs)
2026-03-28 04:59:04 [API] GET /api/system/status (用户=admin from [240e:b67:128b:f500:dc61:f578:d55c:7262]) -> 200 (504.388129ms)
2026-03-28 04:59:04 [API] GET /api/system/status (用户=admin from [240e:b67:128b:f500:dc61:f578:d55c:7262]) -> 200 (504.48608ms)
2026-03-28 04:59:09 [API] GET /api/sites (用户=admin from [240e:b67:128b:f500:dc61:f578:d55c:7262]) -> 200 (32.713µs)
2026-03-28 04:59:13 [API] GET /api/ftp/users (用户=admin from [240e:b67:128b:f500:dc61:f578:d55c:7262]) -> 200 (54.855µs)
2026-03-28 04:59:14 [API] GET /api/system/status (用户=admin from [240e:b67:128b:f500:dc61:f578:d55c:7262]) -> 200 (502.594391ms)
2026-03-28 04:59:14 [API] GET /api/system/status (用户=admin from [240e:b67:128b:f500:dc61:f578:d55c:7262]) -> 200 (502.639691ms)
2026-03-28 04:59:21 [API] GET /api/sites (用户=admin from [240e:b67:128b:f500:dc61:f578:d55c:7262]) -> 200 (68.933µs)
2026-03-28 04:59:24 [API] GET /api/system/status (用户=admin from [240e:b67:128b:f500:dc61:f578:d55c:7262]) -> 200 (504.914718ms)
2026-03-28 04:59:24 [API] GET /api/system/status (用户=admin from [240e:b67:128b:f500:dc61:f578:d55c:7262]) -> 200 (505.014109ms)
2026-03-28 04:59:34 [API] GET /api/system/status (用户=admin from [240e:b67:128b:f500:dc61:f578:d55c:7262]) -> 200 (504.767266ms)
2026-03-28 04:59:34 [API] GET /api/system/status (用户=admin from [240e:b67:128b:f500:dc61:f578:d55c:7262]) -> 200 (504.876937ms)
2026-03-28 04:59:44 [API] GET /api/system/status (用户=admin from [240e:b67:128b:f500:dc61:f578:d55c:7262]) -> 200 (504.538201ms)
2026-03-28 04:59:44 [API] GET /api/system/status (用户=admin from [240e:b67:128b:f500:dc61:f578:d55c:7262]) -> 200 (504.646909ms)
2026-03-28 04:59:54 [API] GET /api/system/status (用户=admin from [240e:b67:128b:f500:dc61:f578:d55c:7262]) -> 200 (504.462951ms)
2026-03-28 04:59:54 [API] GET /api/system/status (用户=admin from [240e:b67:128b:f500:dc61:f578:d55c:7262]) -> 200 (504.562275ms)
2026-03-28 05:00:04 [API] GET /api/system/status (用户=admin from [240e:b67:128b:f500:dc61:f578:d55c:7262]) -> 200 (504.645717ms)
2026-03-28 05:00:04 [API] GET /api/system/status (用户=admin from [240e:b67:128b:f500:dc61:f578:d55c:7262]) -> 200 (504.746501ms)
2026-03-28 05:00:15 [API] GET /api/system/status (用户=admin from [240e:b67:128b:f500:dc61:f578:d55c:7262]) -> 200 (504.53241ms)
2026-03-28 05:00:15 [API] GET /api/system/status (用户=admin from [240e:b67:128b:f500:dc61:f578:d55c:7262]) -> 200 (504.640801ms)
2026-03-28 05:00:25 [API] GET /api/system/status (用户=admin from [240e:b67:128b:f500:dc61:f578:d55c:7262]) -> 200 (504.662784ms)
2026-03-28 05:00:25 [API] GET /api/system/status (用户=admin from [240e:b67:128b:f500:dc61:f578:d55c:7262]) -> 200 (504.766142ms)
2026-03-28 05:00:35 [API] GET /api/system/status (用户=admin from [240e:b67:128b:f500:dc61:f578:d55c:7262]) -> 200 (504.770641ms)
2026-03-28 05:00:35 [API] GET /api/system/status (用户=admin from [240e:b67:128b:f500:dc61:f578:d55c:7262]) -> 200 (504.911712ms)
2026-03-28 05:00:45 [API] GET /api/system/status (用户=admin from [240e:b67:128b:f500:dc61:f578:d55c:7262]) -> 200 (504.800002ms)
2026-03-28 05:00:45 [API] GET /api/system/status (用户=admin from [240e:b67:128b:f500:dc61:f578:d55c:7262]) -> 200 (504.910796ms)
2026-03-28 05:00:55 [API] GET /api/system/status (用户=admin from [240e:b67:128b:f500:dc61:f578:d55c:7262]) -> 200 (504.943783ms)
2026-03-28 05:00:55 [API] GET /api/system/status (用户=admin from [240e:b67:128b:f500:dc61:f578:d55c:7262]) -> 200 (505.057075ms)
2026-03-28 05:01:05 [API] GET /api/system/status (用户=admin from [240e:b67:128b:f500:dc61:f578:d55c:7262]) -> 200 (504.997335ms)
2026-03-28 05:01:05 [API] GET /api/system/status (用户=admin from [240e:b67:128b:f500:dc61:f578:d55c:7262]) -> 200 (505.108332ms)
2026-03-28 05:01:12 [API] GET /api/system/status (用户=admin from [240e:b67:128b:f500:dc61:f578:d55c:7262]) -> 200 (502.814748ms)
2026-03-28 05:01:12 [API] GET /api/system/status (用户=admin from [240e:b67:128b:f500:dc61:f578:d55c:7262]) -> 200 (502.880974ms)
2026-03-28 05:01:20 [认证] 登录 成功: 用户=admin from [240e:b67:128b:f500:dc61:f578:d55c:7262] (登录成功)
2026-03-28 05:01:20 [访问] / (用户=admin from [240e:b67:128b:f500:dc61:f578:d55c:7262])
2026-03-28 05:01:20 [API] GET /api/status (用户=admin from [240e:b67:128b:f500:dc61:f578:d55c:7262]) -> 200 (179.525µs)
2026-03-28 05:01:20 [API] GET /api/status (用户=admin from [240e:b67:128b:f500:dc61:f578:d55c:7262]) -> 200 (232.838µs)
2026-03-28 05:01:20 [API] GET /api/files (用户=admin from [240e:b67:128b:f500:dc61:f578:d55c:7262]) -> 200 (258.151µs)
2026-03-28 05:01:21 [API] GET /api/system/status (用户=admin from [240e:b67:128b:f500:dc61:f578:d55c:7262]) -> 200 (502.634211ms)
2026-03-28 05:01:21 [API] GET /api/system/status (用户=admin from [240e:b67:128b:f500:dc61:f578:d55c:7262]) -> 200 (502.717146ms)
2026-03-28 05:01:21 [API] GET /api/system/status (用户=admin from [240e:b67:128b:f500:dc61:f578:d55c:7262]) -> 200 (503.193738ms)
2026-03-28 05:01:21 [API] GET /api/system/status (用户=admin from [240e:b67:128b:f500:dc61:f578:d55c:7262]) -> 200 (503.260723ms)
2026-03-28 05:01:21 [API] GET /api/system/status (用户=admin from [240e:b67:128b:f500:dc61:f578:d55c:7262]) -> 200 (503.454755ms)
2026-03-28 05:01:21 [API] GET /api/system/status (用户=admin from [240e:b67:128b:f500:dc61:f578:d55c:7262]) -> 200 (503.531521ms)
2026-03-28 05:01:21 [API] GET /api/sites (用户=admin from [240e:b67:128b:f500:dc61:f578:d55c:7262]) -> 200 (36.349µs)
2026-03-28 05:01:27 [API] GET /api/ftp/users (用户=admin from [240e:b67:128b:f500:dc61:f578:d55c:7262]) -> 200 (53.012µs)
2026-03-28 05:01:31 [API] GET /api/system/status (用户=admin from [240e:b67:128b:f500:dc61:f578:d55c:7262]) -> 200 (504.699759ms)
2026-03-28 05:01:31 [API] GET /api/system/status (用户=admin from [240e:b67:128b:f500:dc61:f578:d55c:7262]) -> 200 (504.823252ms)
2026-03-28 05:01:41 [API] GET /api/system/status (用户=admin from [240e:b67:128b:f500:dc61:f578:d55c:7262]) -> 200 (502.411223ms)
2026-03-28 05:01:41 [API] GET /api/system/status (用户=admin from [240e:b67:128b:f500:dc61:f578:d55c:7262]) -> 200 (502.465923ms)
2026-03-28 05:01:51 [API] GET /api/system/status (用户=admin from [240e:b67:128b:f500:dc61:f578:d55c:7262]) -> 200 (504.744378ms)
2026-03-28 05:01:51 [API] GET /api/system/status (用户=admin from [240e:b67:128b:f500:dc61:f578:d55c:7262]) -> 200 (504.859149ms)
2026-03-28 05:02:01 [API] GET /api/system/status (用户=admin from [240e:b67:128b:f500:dc61:f578:d55c:7262]) -> 200 (504.587074ms)
2026-03-28 05:02:01 [API] GET /api/system/status (用户=admin from [240e:b67:128b:f500:dc61:f578:d55c:7262]) -> 200 (504.698273ms)
2026-03-28 05:02:11 [API] GET /api/system/status (用户=admin from [240e:b67:128b:f500:dc61:f578:d55c:7262]) -> 200 (504.735158ms)
2026-03-28 05:02:11 [API] GET /api/system/status (用户=admin from [240e:b67:128b:f500:dc61:f578:d55c:7262]) -> 200 (504.852373ms)
2026-03-28 05:02:21 [API] GET /api/system/status (用户=admin from [240e:b67:128b:f500:dc61:f578:d55c:7262]) -> 200 (502.148056ms)
2026-03-28 05:02:21 [API] GET /api/system/status (用户=admin from [240e:b67:128b:f500:dc61:f578:d55c:7262]) -> 200 (502.204801ms)
2026-03-28 05:02:31 [API] GET /api/system/status (用户=admin from [240e:b67:128b:f500:dc61:f578:d55c:7262]) -> 200 (504.553796ms)
2026-03-28 05:02:31 [API] GET /api/system/status (用户=admin from [240e:b67:128b:f500:dc61:f578:d55c:7262]) -> 200 (504.657254ms)
2026-03-28 05:02:41 [API] GET /api/system/status (用户=admin from [240e:b67:128b:f500:dc61:f578:d55c:7262]) -> 200 (502.462609ms)
2026-03-28 05:02:41 [API] GET /api/system/status (用户=admin from [240e:b67:128b:f500:dc61:f578:d55c:7262]) -> 200 (502.530705ms)
2026-03-28 05:02:45 [API] GET /api/files (用户=admin from [240e:b67:128b:f500:dc61:f578:d55c:7262]) -> 200 (723.05µs)
2026-03-28 05:02:49 [API] GET /api/ftp/users (用户=admin from [240e:b67:128b:f500:dc61:f578:d55c:7262]) -> 200 (56.161µs)
2026-03-28 05:02:51 [API] GET /api/system/status (用户=admin from [240e:b67:128b:f500:dc61:f578:d55c:7262]) -> 200 (501.786914ms)
2026-03-28 05:02:51 [API] GET /api/system/status (用户=admin from [240e:b67:128b:f500:dc61:f578:d55c:7262]) -> 200 (501.825457ms)
2026-03-28 05:03:01 [API] GET /api/system/status (用户=admin from [240e:b67:128b:f500:dc61:f578:d55c:7262]) -> 200 (504.51963ms)
2026-03-28 05:03:01 [API] GET /api/system/status (用户=admin from [240e:b67:128b:f500:dc61:f578:d55c:7262]) -> 200 (504.627004ms)
2026-03-28 05:03:02 [API] GET /api/files (用户=admin from [240e:b67:128b:f500:dc61:f578:d55c:7262]) -> 200 (726.136µs)
2026-03-28 05:03:06 [API] GET /api/files/read (用户=admin from [240e:b67:128b:f500:dc61:f578:d55c:7262]) -> 200 (284.846µs)
2026-03-28 05:03:11 [API] GET /api/system/status (用户=admin from [240e:b67:128b:f500:dc61:f578:d55c:7262]) -> 200 (504.638523ms)
2026-03-28 05:03:11 [API] GET /api/system/status (用户=admin from [240e:b67:128b:f500:dc61:f578:d55c:7262]) -> 200 (504.744753ms)
2026-03-28 05:03:11 [API] GET /api/files/read (用户=admin from [240e:b67:128b:f500:dc61:f578:d55c:7262]) -> 200 (140.527µs)
2026-03-28 05:03:15 [API] GET /api/files (用户=admin from [240e:b67:128b:f500:dc61:f578:d55c:7262]) -> 200 (136.929µs)
2026-03-28 05:03:16 [API] GET /api/files (用户=admin from [240e:b67:128b:f500:dc61:f578:d55c:7262]) -> 200 (3.717607ms)
2026-03-28 05:03:20 [API] GET /api/files (用户=admin from [240e:b67:128b:f500:dc61:f578:d55c:7262]) -> 200 (2.605645ms)
2026-03-28 05:03:21 [API] GET /api/system/status (用户=admin from [240e:b67:128b:f500:dc61:f578:d55c:7262]) -> 200 (504.632367ms)
2026-03-28 05:03:21 [API] GET /api/system/status (用户=admin from [240e:b67:128b:f500:dc61:f578:d55c:7262]) -> 200 (504.73495ms)
2026-03-28 05:03:27 [API] POST /api/files/delete (用户=admin from [240e:b67:128b:f500:dc61:f578:d55c:7262]) -> 200 (1.124336ms)
2026-03-28 05:03:27 [API] POST /api/files/delete (用户=admin from [240e:b67:128b:f500:dc61:f578:d55c:7262]) -> 200 (258.457µs)
2026-03-28 05:03:27 [API] POST /api/files/delete (用户=admin from [240e:b67:128b:f500:dc61:f578:d55c:7262]) -> 200 (234.247µs)
2026-03-28 05:03:27 [API] GET /api/files (用户=admin from [240e:b67:128b:f500:dc61:f578:d55c:7262]) -> 200 (880.84µs)
2026-03-28 05:03:30 [API] GET /api/files/read (用户=admin from [240e:b67:128b:f500:dc61:f578:d55c:7262]) -> 200 (637.92µs)
2026-03-28 05:03:31 [API] GET /api/system/status (用户=admin from [240e:b67:128b:f500:dc61:f578:d55c:7262]) -> 200 (504.333966ms)
2026-03-28 05:03:31 [API] GET /api/system/status (用户=admin from [240e:b67:128b:f500:dc61:f578:d55c:7262]) -> 200 (504.440834ms)
2026-03-28 05:03:41 [API] GET /api/system/status (用户=admin from [240e:b67:128b:f500:dc61:f578:d55c:7262]) -> 200 (504.725528ms)
2026-03-28 05:03:41 [API] GET /api/system/status (用户=admin from [240e:b67:128b:f500:dc61:f578:d55c:7262]) -> 200 (504.847763ms)
2026-03-28 05:03:51 [API] GET /api/system/status (用户=admin from [240e:b67:128b:f500:dc61:f578:d55c:7262]) -> 200 (502.193386ms)
2026-03-28 05:03:51 [API] GET /api/system/status (用户=admin from [240e:b67:128b:f500:dc61:f578:d55c:7262]) -> 200 (502.237969ms)
2026-03-28 05:04:01 [API] GET /api/system/status (用户=admin from [240e:b67:128b:f500:dc61:f578:d55c:7262]) -> 200 (504.893652ms)
2026-03-28 05:04:01 [API] GET /api/system/status (用户=admin from [240e:b67:128b:f500:dc61:f578:d55c:7262]) -> 200 (505.001597ms)
2026-03-28 05:04:05 [API] GET /api/files/read (用户=admin from [240e:b67:128b:f500:dc61:f578:d55c:7262]) -> 200 (212.218µs)
2026-03-28 05:04:11 [API] GET /api/system/status (用户=admin from [240e:b67:128b:f500:dc61:f578:d55c:7262]) -> 200 (504.745046ms)
2026-03-28 05:04:11 [API] GET /api/system/status (用户=admin from [240e:b67:128b:f500:dc61:f578:d55c:7262]) -> 200 (504.853363ms)
2026-03-28 05:04:22 [API] GET /api/system/status (用户=admin from [240e:b67:128b:f500:dc61:f578:d55c:7262]) -> 200 (504.473923ms)
2026-03-28 05:04:22 [API] GET /api/system/status (用户=admin from [240e:b67:128b:f500:dc61:f578:d55c:7262]) -> 200 (504.582395ms)
2026-03-28 05:04:30 [API] GET /api/system/status (用户=admin from [240e:b67:128b:f500:dc61:f578:d55c:7262]) -> 200 (504.695493ms)
2026-03-28 05:04:30 [API] GET /api/system/status (用户=admin from [240e:b67:128b:f500:dc61:f578:d55c:7262]) -> 200 (504.809033ms)
2026-03-28 05:04:36 [API] GET /api/system/status (用户=admin from [240e:b67:128b:f500:dc61:f578:d55c:7262]) -> 200 (504.682057ms)
2026-03-28 05:04:36 [API] GET /api/system/status (用户=admin from [240e:b67:128b:f500:dc61:f578:d55c:7262]) -> 200 (504.78976ms)
2026-03-28 05:04:43 [API] GET /api/system/status (用户=admin from [240e:b67:128b:f500:dc61:f578:d55c:7262]) -> 200 (501.253662ms)
2026-03-28 05:04:43 [API] GET /api/system/status (用户=admin from [240e:b67:128b:f500:dc61:f578:d55c:7262]) -> 200 (501.320019ms)
2026-03-28 05:04:52 [API] GET /api/system/status (用户=admin from [240e:b67:128b:f500:dc61:f578:d55c:7262]) -> 200 (501.344427ms)
2026-03-28 05:04:52 [API] GET /api/system/status (用户=admin from [240e:b67:128b:f500:dc61:f578:d55c:7262]) -> 200 (501.385282ms)
2026-03-28 05:05:02 [API] GET /api/system/status (用户=admin from [240e:b67:128b:f500:dc61:f578:d55c:7262]) -> 200 (501.39157ms)
2026-03-28 05:05:02 [API] GET /api/system/status (用户=admin from [240e:b67:128b:f500:dc61:f578:d55c:7262]) -> 200 (501.433991ms)
2026-03-28 05:05:12 [API] GET /api/system/status (用户=admin from [240e:b67:128b:f500:dc61:f578:d55c:7262]) -> 200 (501.669209ms)
2026-03-28 05:05:12 [API] GET /api/system/status (用户=admin from [240e:b67:128b:f500:dc61:f578:d55c:7262]) -> 200 (501.718164ms)
2026-03-28 05:05:22 [API] GET /api/system/status (用户=admin from [240e:b67:128b:f500:dc61:f578:d55c:7262]) -> 200 (501.664463ms)
2026-03-28 05:05:22 [API] GET /api/system/status (用户=admin from [240e:b67:128b:f500:dc61:f578:d55c:7262]) -> 200 (501.852059ms)
2026-03-28 05:05:32 [API] GET /api/system/status (用户=admin from [240e:b67:128b:f500:dc61:f578:d55c:7262]) -> 200 (501.969826ms)
2026-03-28 05:05:32 [API] GET /api/system/status (用户=admin from [240e:b67:128b:f500:dc61:f578:d55c:7262]) -> 200 (502.01283ms)
2026-03-28 05:06:07 [认证] 登录 成功: 用户=admin from [240e:b67:128b:f500:dc61:f578:d55c:7262] (登录成功)
2026-03-28 05:06:07 [访问] / (用户=admin from [240e:b67:128b:f500:dc61:f578:d55c:7262])
2026-03-28 05:06:07 [API] GET /api/status (用户=admin from [240e:b67:128b:f500:dc61:f578:d55c:7262]) -> 200 (146.001µs)
2026-03-28 05:06:07 [API] GET /api/status (用户=admin from [240e:b67:128b:f500:dc61:f578:d55c:7262]) -> 200 (185.285µs)
2026-03-28 05:06:07 [API] GET /api/files (用户=admin from [240e:b67:128b:f500:dc61:f578:d55c:7262]) -> 200 (232.168µs)
2026-03-28 05:06:08 [API] GET /api/system/status (用户=admin from [240e:b67:128b:f500:dc61:f578:d55c:7262]) -> 200 (501.816113ms)
2026-03-28 05:06:08 [API] GET /api/system/status (用户=admin from [240e:b67:128b:f500:dc61:f578:d55c:7262]) -> 200 (501.85497ms)
2026-03-28 05:06:08 [API] GET /api/system/status (用户=admin from [240e:b67:128b:f500:dc61:f578:d55c:7262]) -> 200 (501.960177ms)
2026-03-28 05:06:08 [API] GET /api/system/status (用户=admin from [240e:b67:128b:f500:dc61:f578:d55c:7262]) -> 200 (501.996019ms)
2026-03-28 05:06:08 [API] GET /api/system/status (用户=admin from [240e:b67:128b:f500:dc61:f578:d55c:7262]) -> 200 (503.370414ms)
2026-03-28 05:06:08 [API] GET /api/system/status (用户=admin from [240e:b67:128b:f500:dc61:f578:d55c:7262]) -> 200 (503.403291ms)
2026-03-28 05:06:09 [API] GET /api/sites (用户=admin from [240e:b67:128b:f500:dc61:f578:d55c:7262]) -> 200 (91.029µs)
2026-03-28 05:06:18 [API] GET /api/system/status (用户=admin from [240e:b67:128b:f500:dc61:f578:d55c:7262]) -> 200 (501.685457ms)
2026-03-28 05:06:18 [API] GET /api/system/status (用户=admin from [240e:b67:128b:f500:dc61:f578:d55c:7262]) -> 200 (501.731384ms)
2026-03-28 05:06:28 [API] GET /api/system/status (用户=admin from [240e:b67:128b:f500:dc61:f578:d55c:7262]) -> 200 (502.101865ms)
2026-03-28 05:06:28 [API] GET /api/system/status (用户=admin from [240e:b67:128b:f500:dc61:f578:d55c:7262]) -> 200 (502.147532ms)
2026-03-28 05:06:38 [API] GET /api/system/status (用户=admin from [240e:b67:128b:f500:dc61:f578:d55c:7262]) -> 200 (502.06139ms)
2026-03-28 05:06:38 [API] GET /api/system/status (用户=admin from [240e:b67:128b:f500:dc61:f578:d55c:7262]) -> 200 (502.129663ms)
2026-03-28 05:06:48 [API] GET /api/system/status (用户=admin from [240e:b67:128b:f500:dc61:f578:d55c:7262]) -> 200 (501.541092ms)
2026-03-28 05:06:48 [API] GET /api/system/status (用户=admin from [240e:b67:128b:f500:dc61:f578:d55c:7262]) -> 200 (501.580203ms)
2026-03-28 05:06:58 [API] GET /api/system/status (用户=admin from [240e:b67:128b:f500:dc61:f578:d55c:7262]) -> 200 (503.296501ms)
2026-03-28 05:06:58 [API] GET /api/system/status (用户=admin from [240e:b67:128b:f500:dc61:f578:d55c:7262]) -> 200 (503.39498ms)
2026-03-28 05:07:08 [API] GET /api/system/status (用户=admin from [240e:b67:128b:f500:dc61:f578:d55c:7262]) -> 200 (501.774008ms)
2026-03-28 05:07:08 [API] GET /api/system/status (用户=admin from [240e:b67:128b:f500:dc61:f578:d55c:7262]) -> 200 (501.815682ms)
2026-03-28 05:07:08 [API] GET /api/ftp/users (用户=admin from [240e:b67:128b:f500:dc61:f578:d55c:7262]) -> 200 (21.802µs)
2026-03-28 05:07:11 [API] GET /api/files (用户=admin from [240e:b67:128b:f500:dc61:f578:d55c:7262]) -> 200 (237.463µs)
2026-03-28 05:07:15 [API] GET /api/sites (用户=admin from [240e:b67:128b:f500:dc61:f578:d55c:7262]) -> 200 (42.708µs)
2026-03-28 05:07:17 [API] GET /api/files (用户=admin from [240e:b67:128b:f500:dc61:f578:d55c:7262]) -> 200 (234.987µs)
2026-03-28 05:07:18 [API] GET /api/system/status (用户=admin from [240e:b67:128b:f500:dc61:f578:d55c:7262]) -> 200 (501.740642ms)
2026-03-28 05:07:18 [API] GET /api/system/status (用户=admin from [240e:b67:128b:f500:dc61:f578:d55c:7262]) -> 200 (501.780017ms)
2026-03-28 05:07:28 [API] GET /api/system/status (用户=admin from [240e:b67:128b:f500:dc61:f578:d55c:7262]) -> 200 (501.256253ms)
2026-03-28 05:07:28 [API] GET /api/system/status (用户=admin from [240e:b67:128b:f500:dc61:f578:d55c:7262]) -> 200 (501.305402ms)
2026-03-28 05:07:38 [API] GET /api/system/status (用户=admin from [240e:b67:128b:f500:dc61:f578:d55c:7262]) -> 200 (501.635189ms)
2026-03-28 05:07:38 [API] GET /api/system/status (用户=admin from [240e:b67:128b:f500:dc61:f578:d55c:7262]) -> 200 (501.675252ms)
2026-03-28 05:07:48 [API] GET /api/system/status (用户=admin from [240e:b67:128b:f500:dc61:f578:d55c:7262]) -> 200 (501.671033ms)
2026-03-28 05:07:48 [API] GET /api/system/status (用户=admin from [240e:b67:128b:f500:dc61:f578:d55c:7262]) -> 200 (501.714099ms)
2026-03-28 05:07:58 [API] GET /api/system/status (用户=admin from [240e:b67:128b:f500:dc61:f578:d55c:7262]) -> 200 (501.423068ms)
2026-03-28 05:07:58 [API] GET /api/system/status (用户=admin from [240e:b67:128b:f500:dc61:f578:d55c:7262]) -> 200 (501.463837ms)
2026-03-28 05:08:00 [API] GET /api/ftp/users (用户=admin from [240e:b67:128b:f500:dc61:f578:d55c:7262]) -> 200 (19.543µs)
2026-03-28 05:08:08 [API] GET /api/system/status (用户=admin from [240e:b67:128b:f500:dc61:f578:d55c:7262]) -> 200 (501.756537ms)
2026-03-28 05:08:08 [API] GET /api/system/status (用户=admin from [240e:b67:128b:f500:dc61:f578:d55c:7262]) -> 200 (501.796389ms)
2026-03-28 05:08:18 [API] GET /api/system/status (用户=admin from [240e:b67:128b:f500:dc61:f578:d55c:7262]) -> 200 (502.295588ms)
2026-03-28 05:08:18 [API] GET /api/system/status (用户=admin from [240e:b67:128b:f500:dc61:f578:d55c:7262]) -> 200 (502.352238ms)
2026-03-28 05:08:28 [API] GET /api/system/status (用户=admin from [240e:b67:128b:f500:dc61:f578:d55c:7262]) -> 200 (502.460983ms)
2026-03-28 05:08:28 [API] GET /api/system/status (用户=admin from [240e:b67:128b:f500:dc61:f578:d55c:7262]) -> 200 (502.53052ms)
2026-03-28 05:08:38 [API] GET /api/system/status (用户=admin from [240e:b67:128b:f500:dc61:f578:d55c:7262]) -> 200 (501.815136ms)
2026-03-28 05:08:38 [API] GET /api/system/status (用户=admin from [240e:b67:128b:f500:dc61:f578:d55c:7262]) -> 200 (501.85656ms)
2026-03-28 05:08:48 [API] GET /api/system/status (用户=admin from [240e:b67:128b:f500:dc61:f578:d55c:7262]) -> 200 (501.832383ms)
2026-03-28 05:08:48 [API] GET /api/system/status (用户=admin from [240e:b67:128b:f500:dc61:f578:d55c:7262]) -> 200 (501.884615ms)
2026-03-28 05:08:58 [API] GET /api/system/status (用户=admin from [240e:b67:128b:f500:dc61:f578:d55c:7262]) -> 200 (501.813896ms)
2026-03-28 05:08:58 [API] GET /api/system/status (用户=admin from [240e:b67:128b:f500:dc61:f578:d55c:7262]) -> 200 (501.854408ms)
2026-03-28 05:09:08 [API] GET /api/system/status (用户=admin from [240e:b67:128b:f500:dc61:f578:d55c:7262]) -> 200 (501.901987ms)
2026-03-28 05:09:08 [API] GET /api/system/status (用户=admin from [240e:b67:128b:f500:dc61:f578:d55c:7262]) -> 200 (501.947511ms)
2026-03-28 05:09:18 [API] GET /api/system/status (用户=admin from [240e:b67:128b:f500:dc61:f578:d55c:7262]) -> 200 (501.869644ms)
2026-03-28 05:09:18 [API] GET /api/system/status (用户=admin from [240e:b67:128b:f500:dc61:f578:d55c:7262]) -> 200 (501.912103ms)
2026-03-28 05:09:28 [API] GET /api/system/status (用户=admin from [240e:b67:128b:f500:dc61:f578:d55c:7262]) -> 200 (501.776135ms)
2026-03-28 05:09:28 [API] GET /api/system/status (用户=admin from [240e:b67:128b:f500:dc61:f578:d55c:7262]) -> 200 (501.813952ms)
2026-03-28 05:09:38 [API] GET /api/system/status (用户=admin from [240e:b67:128b:f500:dc61:f578:d55c:7262]) -> 200 (501.791354ms)
2026-03-28 05:09:38 [API] GET /api/system/status (用户=admin from [240e:b67:128b:f500:dc61:f578:d55c:7262]) -> 200 (501.83176ms)
2026-03-28 05:10:06 [认证] 登录 成功: 用户=admin from [240e:b67:128b:f500:dc61:f578:d55c:7262] (登录成功)
2026-03-28 05:10:06 [访问] / (用户=admin from [240e:b67:128b:f500:dc61:f578:d55c:7262])
2026-03-28 05:10:06 [API] GET /api/status (用户=admin from 192.168.33.1) -> 200 (188.205µs)
2026-03-28 05:10:06 [API] GET /api/status (用户=admin from 192.168.33.1) -> 200 (233.007µs)
2026-03-28 05:10:06 [API] GET /api/files (用户=admin from [240e:b67:128b:f500:dc61:f578:d55c:7262]) -> 200 (218.393µs)
2026-03-28 05:10:07 [API] GET /api/system/status (用户=admin from 192.168.33.1) -> 200 (503.20568ms)
2026-03-28 05:10:07 [API] GET /api/system/status (用户=admin from 192.168.33.1) -> 200 (503.296046ms)
2026-03-28 05:10:07 [API] GET /api/system/status (用户=admin from [240e:b67:128b:f500:dc61:f578:d55c:7262]) -> 200 (503.078959ms)
2026-03-28 05:10:07 [API] GET /api/system/status (用户=admin from [240e:b67:128b:f500:dc61:f578:d55c:7262]) -> 200 (503.362637ms)
2026-03-28 05:10:07 [API] GET /api/system/status (用户=admin from [240e:b67:128b:f500:dc61:f578:d55c:7262]) -> 200 (503.494491ms)
2026-03-28 05:10:07 [API] GET /api/system/status (用户=admin from [240e:b67:128b:f500:dc61:f578:d55c:7262]) -> 200 (503.610648ms)
2026-03-28 05:10:10 [API] GET /api/sites (用户=admin from [240e:b67:128b:f500:dc61:f578:d55c:7262]) -> 200 (29.179µs)
2026-03-28 05:10:11 [API] GET /api/ftp/users (用户=admin from [240e:b67:128b:f500:dc61:f578:d55c:7262]) -> 200 (24.967µs)
2026-03-28 05:10:16 [API] GET /api/system/status (用户=admin from [240e:b67:128b:f500:dc61:f578:d55c:7262]) -> 200 (501.551392ms)
2026-03-28 05:10:16 [API] GET /api/system/status (用户=admin from [240e:b67:128b:f500:dc61:f578:d55c:7262]) -> 200 (501.603772ms)
2026-03-28 05:10:22 [API] GET /api/system/status (用户=admin from [240e:b67:128b:f500:dc61:f578:d55c:7262]) -> 200 (501.85924ms)
2026-03-28 05:10:22 [API] GET /api/system/status (用户=admin from [240e:b67:128b:f500:dc61:f578:d55c:7262]) -> 200 (501.900759ms)
2026-03-28 05:10:32 [API] GET /api/system/status (用户=admin from [240e:b67:128b:f500:dc61:f578:d55c:7262]) -> 200 (501.608816ms)
2026-03-28 05:10:32 [API] GET /api/system/status (用户=admin from [240e:b67:128b:f500:dc61:f578:d55c:7262]) -> 200 (501.652145ms)
2026-03-28 05:10:42 [API] GET /api/system/status (用户=admin from [240e:b67:128b:f500:dc61:f578:d55c:7262]) -> 200 (504.172799ms)
2026-03-28 05:10:42 [API] GET /api/system/status (用户=admin from [240e:b67:128b:f500:dc61:f578:d55c:7262]) -> 200 (504.280553ms)
2026-03-28 05:10:52 [API] GET /api/system/status (用户=admin from [240e:b67:128b:f500:dc61:f578:d55c:7262]) -> 200 (501.736319ms)
2026-03-28 05:10:52 [API] GET /api/system/status (用户=admin from [240e:b67:128b:f500:dc61:f578:d55c:7262]) -> 200 (501.776304ms)
2026-03-28 05:10:57 [API] GET /api/sites (用户=admin from [240e:b67:128b:f500:dc61:f578:d55c:7262]) -> 200 (26.209µs)
2026-03-28 05:11:02 [API] GET /api/system/status (用户=admin from [240e:b67:128b:f500:dc61:f578:d55c:7262]) -> 200 (501.765513ms)
2026-03-28 05:11:02 [API] GET /api/system/status (用户=admin from [240e:b67:128b:f500:dc61:f578:d55c:7262]) -> 200 (501.804134ms)
2026-03-28 05:11:03 [访问] / (用户=admin from [240e:b67:128b:f500:dc61:f578:d55c:7262])
2026-03-28 05:11:04 [API] GET /api/status (用户=admin from [240e:b67:128b:f500:dc61:f578:d55c:7262]) -> 200 (102.233µs)
2026-03-28 05:11:04 [API] GET /api/status (用户=admin from [240e:b67:128b:f500:dc61:f578:d55c:7262]) -> 200 (152.656µs)
2026-03-28 05:11:04 [API] GET /api/files (用户=admin from [240e:b67:128b:f500:dc61:f578:d55c:7262]) -> 200 (481.502µs)
2026-03-28 05:11:04 [API] GET /api/system/status (用户=admin from [240e:b67:128b:f500:dc61:f578:d55c:7262]) -> 200 (501.262652ms)
2026-03-28 05:11:04 [API] GET /api/system/status (用户=admin from [240e:b67:128b:f500:dc61:f578:d55c:7262]) -> 200 (501.303093ms)
2026-03-28 05:11:04 [API] GET /api/system/status (用户=admin from [240e:b67:128b:f500:dc61:f578:d55c:7262]) -> 200 (501.642368ms)
2026-03-28 05:11:04 [API] GET /api/system/status (用户=admin from [240e:b67:128b:f500:dc61:f578:d55c:7262]) -> 200 (501.677867ms)
2026-03-28 05:11:04 [API] GET /api/system/status (用户=admin from [240e:b67:128b:f500:dc61:f578:d55c:7262]) -> 200 (501.886957ms)
2026-03-28 05:11:04 [API] GET /api/system/status (用户=admin from [240e:b67:128b:f500:dc61:f578:d55c:7262]) -> 200 (501.908811ms)
2026-03-28 05:11:05 [API] GET /api/ftp/users (用户=admin from [240e:b67:128b:f500:dc61:f578:d55c:7262]) -> 200 (24.222µs)
2026-03-28 05:11:14 [API] GET /api/system/status (用户=admin from [240e:b67:128b:f500:dc61:f578:d55c:7262]) -> 200 (501.868395ms)
2026-03-28 05:11:14 [API] GET /api/system/status (用户=admin from [240e:b67:128b:f500:dc61:f578:d55c:7262]) -> 200 (501.912907ms)
2026-03-28 05:11:24 [API] GET /api/system/status (用户=admin from [240e:b67:128b:f500:dc61:f578:d55c:7262]) -> 200 (501.703882ms)
2026-03-28 05:11:24 [API] GET /api/system/status (用户=admin from [240e:b67:128b:f500:dc61:f578:d55c:7262]) -> 200 (501.744335ms)
2026-03-28 05:11:34 [API] GET /api/system/status (用户=admin from [240e:b67:128b:f500:dc61:f578:d55c:7262]) -> 200 (501.964252ms)
2026-03-28 05:11:34 [API] GET /api/system/status (用户=admin from [240e:b67:128b:f500:dc61:f578:d55c:7262]) -> 200 (502.011799ms)
2026-03-28 05:11:38 [访问] / (用户=admin from [240e:b67:128b:f500:dc61:f578:d55c:7262])
2026-03-28 05:11:38 [API] GET /api/status (用户=admin from [240e:b67:128b:f500:dc61:f578:d55c:7262]) -> 200 (82.699µs)
2026-03-28 05:11:38 [API] GET /api/status (用户=admin from [240e:b67:128b:f500:dc61:f578:d55c:7262]) -> 200 (140.869µs)
2026-03-28 05:11:38 [API] GET /api/files (用户=admin from [240e:b67:128b:f500:dc61:f578:d55c:7262]) -> 200 (230.469µs)
2026-03-28 05:11:39 [API] GET /api/system/status (用户=admin from [240e:b67:128b:f500:dc61:f578:d55c:7262]) -> 200 (501.93307ms)
2026-03-28 05:11:39 [API] GET /api/system/status (用户=admin from [240e:b67:128b:f500:dc61:f578:d55c:7262]) -> 200 (501.984811ms)
2026-03-28 05:11:39 [API] GET /api/system/status (用户=admin from [240e:b67:128b:f500:dc61:f578:d55c:7262]) -> 200 (501.112207ms)
2026-03-28 05:11:39 [API] GET /api/system/status (用户=admin from [240e:b67:128b:f500:dc61:f578:d55c:7262]) -> 200 (501.141188ms)
2026-03-28 05:11:39 [API] GET /api/system/status (用户=admin from [240e:b67:128b:f500:dc61:f578:d55c:7262]) -> 200 (501.336853ms)
2026-03-28 05:11:39 [API] GET /api/system/status (用户=admin from [240e:b67:128b:f500:dc61:f578:d55c:7262]) -> 200 (501.40411ms)
2026-03-28 05:11:44 [API] GET /api/config (用户=admin from [240e:b67:128b:f500:dc61:f578:d55c:7262]) -> 200 (113.459µs)
2026-03-28 05:11:49 [API] GET /api/system/status (用户=admin from [240e:b67:128b:f500:dc61:f578:d55c:7262]) -> 200 (501.42883ms)
2026-03-28 05:11:49 [API] GET /api/system/status (用户=admin from [240e:b67:128b:f500:dc61:f578:d55c:7262]) -> 200 (501.466475ms)
2026-03-28 05:11:49 [API] GET /api/files (用户=admin from [240e:b67:128b:f500:dc61:f578:d55c:7262]) -> 200 (82.722µs)
2026-03-28 05:11:59 [API] GET /api/system/status (用户=admin from [240e:b67:128b:f500:dc61:f578:d55c:7262]) -> 200 (501.709064ms)
2026-03-28 05:11:59 [API] GET /api/system/status (用户=admin from [240e:b67:128b:f500:dc61:f578:d55c:7262]) -> 200 (501.760067ms)
2026-03-28 05:12:09 [API] GET /api/system/status (用户=admin from [240e:b67:128b:f500:dc61:f578:d55c:7262]) -> 200 (501.643622ms)
2026-03-28 05:12:09 [API] GET /api/system/status (用户=admin from [240e:b67:128b:f500:dc61:f578:d55c:7262]) -> 200 (501.684084ms)
2026-03-28 05:12:22 [认证] 登录 成功: 用户=admin from [240e:b67:128b:f500:dc61:f578:d55c:7262] (登录成功)
2026-03-28 05:12:22 [访问] / (用户=admin from [240e:b67:128b:f500:dc61:f578:d55c:7262])
2026-03-28 05:12:22 [API] GET /api/status (用户=admin from [240e:b67:128b:f500:dc61:f578:d55c:7262]) -> 200 (187.305µs)
2026-03-28 05:12:22 [API] GET /api/status (用户=admin from [240e:b67:128b:f500:dc61:f578:d55c:7262]) -> 200 (249.211µs)
2026-03-28 05:12:22 [API] GET /api/files (用户=admin from [240e:b67:128b:f500:dc61:f578:d55c:7262]) -> 200 (186.195µs)
2026-03-28 05:12:23 [API] GET /api/system/status (用户=admin from [240e:b67:128b:f500:dc61:f578:d55c:7262]) -> 200 (501.429365ms)
2026-03-28 05:12:23 [API] GET /api/system/status (用户=admin from [240e:b67:128b:f500:dc61:f578:d55c:7262]) -> 200 (501.470001ms)
2026-03-28 05:12:23 [API] GET /api/system/status (用户=admin from [240e:b67:128b:f500:dc61:f578:d55c:7262]) -> 200 (500.971741ms)
2026-03-28 05:12:23 [API] GET /api/system/status (用户=admin from [240e:b67:128b:f500:dc61:f578:d55c:7262]) -> 200 (501.000119ms)
2026-03-28 05:12:23 [API] GET /api/system/status (用户=admin from [240e:b67:128b:f500:dc61:f578:d55c:7262]) -> 200 (501.881062ms)
2026-03-28 05:12:23 [API] GET /api/system/status (用户=admin from [240e:b67:128b:f500:dc61:f578:d55c:7262]) -> 200 (501.89952ms)
2026-03-28 05:12:23 [API] GET /api/ftp/users (用户=admin from [240e:b67:128b:f500:dc61:f578:d55c:7262]) -> 200 (22.348µs)
2026-03-28 05:12:27 [API] GET /api/sites (用户=admin from [240e:b67:128b:f500:dc61:f578:d55c:7262]) -> 200 (76.519µs)
2026-03-28 05:12:33 [API] GET /api/system/status (用户=admin from [240e:b67:128b:f500:dc61:f578:d55c:7262]) -> 200 (501.776471ms)
2026-03-28 05:12:33 [API] GET /api/system/status (用户=admin from [240e:b67:128b:f500:dc61:f578:d55c:7262]) -> 200 (501.819296ms)
2026-03-28 05:12:41 [API] GET /api/files (用户=admin from [240e:b67:128b:f500:dc61:f578:d55c:7262]) -> 200 (188.001µs)
2026-03-28 05:12:43 [API] GET /api/system/status (用户=admin from [240e:b67:128b:f500:dc61:f578:d55c:7262]) -> 200 (501.376709ms)
2026-03-28 05:12:43 [API] GET /api/system/status (用户=admin from [240e:b67:128b:f500:dc61:f578:d55c:7262]) -> 200 (501.41376ms)
2026-03-28 05:12:45 [API] GET /api/files (用户=admin from [240e:b67:128b:f500:dc61:f578:d55c:7262]) -> 200 (201.272µs)
2026-03-28 05:12:46 [API] GET /api/files (用户=admin from [240e:b67:128b:f500:dc61:f578:d55c:7262]) -> 200 (191.289µs)
2026-03-28 05:12:47 [API] GET /api/files (用户=admin from [240e:b67:128b:f500:dc61:f578:d55c:7262]) -> 200 (234.35µs)
2026-03-28 05:12:47 [API] GET /api/files (用户=admin from [240e:b67:128b:f500:dc61:f578:d55c:7262]) -> 200 (207.75µs)
2026-03-28 05:12:47 [API] GET /api/files (用户=admin from [240e:b67:128b:f500:dc61:f578:d55c:7262]) -> 200 (196.327µs)
2026-03-28 05:12:48 [API] GET /api/files (用户=admin from [240e:b67:128b:f500:dc61:f578:d55c:7262]) -> 200 (206.628µs)
2026-03-28 05:12:48 [API] GET /api/files (用户=admin from [240e:b67:128b:f500:dc61:f578:d55c:7262]) -> 200 (183.346µs)
2026-03-28 05:12:48 [API] GET /api/files (用户=admin from [240e:b67:128b:f500:dc61:f578:d55c:7262]) -> 200 (203.841µs)
2026-03-28 05:12:48 [API] GET /api/files (用户=admin from [240e:b67:128b:f500:dc61:f578:d55c:7262]) -> 200 (252.924µs)
2026-03-28 05:12:49 [API] GET /api/files (用户=admin from [240e:b67:128b:f500:dc61:f578:d55c:7262]) -> 200 (279.357µs)
2026-03-28 05:12:50 [API] GET /api/logs (用户=admin from [240e:b67:128b:f500:dc61:f578:d55c:7262]) -> 200 (501.404µs)
2026-03-28 05:12:50 [API] GET /api/sites (用户=admin from [240e:b67:128b:f500:dc61:f578:d55c:7262]) -> 200 (33.505µs)
2026-03-28 05:12:50 [API] GET /api/ftp/users (用户=admin from [240e:b67:128b:f500:dc61:f578:d55c:7262]) -> 200 (14.73µs)
2026-03-28 05:12:50 [API] GET /api/logs/read (用户=admin from [240e:b67:128b:f500:dc61:f578:d55c:7262]) -> 200 (250.212µs)
2026-03-28 05:12:50 [API] GET /api/logs/stats (用户=admin from [240e:b67:128b:f500:dc61:f578:d55c:7262]) -> 200 (118.57µs)
2026-03-28 05:12:52 [API] GET /api/logs/read (用户=admin from [240e:b67:128b:f500:dc61:f578:d55c:7262]) -> 200 (53.539µs)
2026-03-28 05:12:52 [API] GET /api/logs/stats (用户=admin from [240e:b67:128b:f500:dc61:f578:d55c:7262]) -> 200 (45.143µs)
2026-03-28 05:12:53 [API] GET /api/system/status (用户=admin from [240e:b67:128b:f500:dc61:f578:d55c:7262]) -> 200 (501.317057ms)
2026-03-28 05:12:53 [API] GET /api/system/status (用户=admin from [240e:b67:128b:f500:dc61:f578:d55c:7262]) -> 200 (501.352299ms)
2026-03-28 05:12:54 [API] GET /api/logs/read (用户=admin from [240e:b67:128b:f500:dc61:f578:d55c:7262]) -> 200 (58.124µs)
2026-03-28 05:12:54 [API] GET /api/logs/stats (用户=admin from [240e:b67:128b:f500:dc61:f578:d55c:7262]) -> 200 (25.549µs)
2026-03-28 05:12:54 [API] GET /api/logs/stats (用户=admin from [240e:b67:128b:f500:dc61:f578:d55c:7262]) -> 200 (1.259349ms)
2026-03-28 05:12:54 [API] GET /api/logs/read (用户=admin from [240e:b67:128b:f500:dc61:f578:d55c:7262]) -> 200 (1.928375ms)
2026-03-28 05:13:03 [API] GET /api/system/status (用户=admin from [240e:b67:128b:f500:dc61:f578:d55c:7262]) -> 200 (501.763917ms)
2026-03-28 05:13:03 [API] GET /api/system/status (用户=admin from [240e:b67:128b:f500:dc61:f578:d55c:7262]) -> 200 (501.80436ms)
2026-03-28 05:13:13 [API] GET /api/system/status (用户=admin from [240e:b67:128b:f500:dc61:f578:d55c:7262]) -> 200 (503.57383ms)
2026-03-28 05:13:13 [API] GET /api/system/status (用户=admin from [240e:b67:128b:f500:dc61:f578:d55c:7262]) -> 200 (503.660109ms)
2026-03-28 05:13:23 [API] GET /api/system/status (用户=admin from [240e:b67:128b:f500:dc61:f578:d55c:7262]) -> 200 (501.556344ms)
2026-03-28 05:13:23 [API] GET /api/system/status (用户=admin from [240e:b67:128b:f500:dc61:f578:d55c:7262]) -> 200 (501.596845ms)
2026-03-28 05:13:33 [API] GET /api/system/status (用户=admin from [240e:b67:128b:f500:dc61:f578:d55c:7262]) -> 200 (501.685292ms)
2026-03-28 05:13:33 [API] GET /api/system/status (用户=admin from [240e:b67:128b:f500:dc61:f578:d55c:7262]) -> 200 (501.732696ms)
