
  🪶 像素兽 PixelBeast v3.0.0
  小而强悍，无所不能 - 多站点版

2026/03/28 04:35:53 像素兽 v3.0.0 启动中...
2026/03/28 04:35:53 配置目录: config
[Share] 已加载 3 个有效分享链接
2026/03/28 04:35:53 像素兽启动完成
2026/03/28 04:35:53 [Admin] 管理面板启动在端口 9527
2026/03/28 04:35:53 [Sites] 网站服务器启动在端口 8080
2026/03/28 04:35:57 [AUTH] [认证] 登录 成功: 用户=admin from 192.168.33.1 (登录成功)
2026/03/28 04:35:57 [访问] / (用户=admin from 192.168.33.1)
2026/03/28 04:35:57 [API] GET /api/status (用户=admin from [240e:b67:128b:f500:dc61:f578:d55c:7262]) -> 200 (166.663µs)
2026/03/28 04:35:57 [API] GET /api/status (用户=admin from [240e:b67:128b:f500:dc61:f578:d55c:7262]) -> 200 (206.225µs)
2026/03/28 04:35:57 [API] GET /api/files (用户=admin from [240e:b67:128b:f500:dc61:f578:d55c:7262]) -> 200 (213.216µs)
2026/03/28 04:35:58 [API] GET /api/system/status (用户=admin from [240e:b67:128b:f500:dc61:f578:d55c:7262]) -> 200 (501.776766ms)
2026/03/28 04:35:58 [API] GET /api/system/status (用户=admin from [240e:b67:128b:f500:dc61:f578:d55c:7262]) -> 200 (501.832391ms)
2026/03/28 04:35:58 [API] GET /api/system/status (用户=admin from [240e:b67:128b:f500:dc61:f578:d55c:7262]) -> 200 (501.965523ms)
2026/03/28 04:35:58 [API] GET /api/system/status (用户=admin from [240e:b67:128b:f500:dc61:f578:d55c:7262]) -> 200 (501.997882ms)
2026/03/28 04:35:58 [API] GET /api/system/status (用户=admin from [240e:b67:128b:f500:dc61:f578:d55c:7262]) -> 200 (501.860426ms)
2026/03/28 04:35:58 [API] GET /api/system/status (用户=admin from [240e:b67:128b:f500:dc61:f578:d55c:7262]) -> 200 (501.916726ms)
2026/03/28 04:35:59 [API] GET /api/config (用户=admin from [240e:b67:128b:f500:dc61:f578:d55c:7262]) -> 200 (53.663µs)
2026/03/28 04:36:03 [访问] / (用户=admin from [240e:b67:128b:f500:dc61:f578:d55c:7262])
2026/03/28 04:36:03 [API] GET /api/status (用户=admin from [240e:b67:128b:f500:dc61:f578:d55c:7262]) -> 200 (145.862µs)
2026/03/28 04:36:03 [API] GET /api/status (用户=admin from [240e:b67:128b:f500:dc61:f578:d55c:7262]) -> 200 (207.991µs)
2026/03/28 04:36:03 [API] GET /api/files (用户=admin from 192.168.33.1) -> 200 (217.849µs)
2026/03/28 04:36:04 [API] GET /api/system/status (用户=admin from [240e:b67:128b:f500:dc61:f578:d55c:7262]) -> 200 (501.617399ms)
2026/03/28 04:36:04 [API] GET /api/system/status (用户=admin from [240e:b67:128b:f500:dc61:f578:d55c:7262]) -> 200 (501.672078ms)
2026/03/28 04:36:04 [API] GET /api/system/status (用户=admin from [240e:b67:128b:f500:dc61:f578:d55c:7262]) -> 200 (501.463458ms)
2026/03/28 04:36:04 [API] GET /api/system/status (用户=admin from [240e:b67:128b:f500:dc61:f578:d55c:7262]) -> 200 (501.497832ms)
2026/03/28 04:36:04 [API] GET /api/system/status (用户=admin from 192.168.33.1) -> 200 (501.844107ms)
2026/03/28 04:36:04 [API] GET /api/system/status (用户=admin from 192.168.33.1) -> 200 (501.875156ms)
2026/03/28 04:36:04 [API] GET /api/config (用户=admin from 192.168.33.1) -> 200 (19.042µs)
2026/03/28 04:36:08 [API] GET /api/sites (用户=admin from [240e:b67:128b:f500:dc61:f578:d55c:7262]) -> 200 (19.475µs)
2026/03/28 04:36:09 [API] GET /api/ftp/users (用户=admin from [240e:b67:128b:f500:dc61:f578:d55c:7262]) -> 200 (35.904µs)
2026/03/28 04:36:14 [API] GET /api/system/status (用户=admin from [240e:b67:128b:f500:dc61:f578:d55c:7262]) -> 200 (501.749997ms)
2026/03/28 04:36:14 [API] GET /api/system/status (用户=admin from [240e:b67:128b:f500:dc61:f578:d55c:7262]) -> 200 (501.796358ms)
2026/03/28 04:36:24 [API] GET /api/system/status (用户=admin from [240e:b67:128b:f500:dc61:f578:d55c:7262]) -> 200 (501.614325ms)
2026/03/28 04:36:24 [API] GET /api/system/status (用户=admin from [240e:b67:128b:f500:dc61:f578:d55c:7262]) -> 200 (501.66027ms)
2026/03/28 04:36:26 [API] POST /api/ftp/users/add (用户=admin from [240e:b67:128b:f500:dc61:f578:d55c:7262]) -> 200 (389.718µs)
2026/03/28 04:36:26 [API] GET /api/ftp/users (用户=admin from [240e:b67:128b:f500:dc61:f578:d55c:7262]) -> 200 (29.799µs)
2026/03/28 04:36:33 [API] POST /api/ftp/users/delete (用户=admin from [240e:b67:128b:f500:dc61:f578:d55c:7262]) -> 200 (368.289µs)
2026/03/28 04:36:33 [API] POST /api/ftp/users/batch (用户=admin from [240e:b67:128b:f500:dc61:f578:d55c:7262]) -> 200 (639.182µs)
2026/03/28 04:36:33 [API] GET /api/ftp/users (用户=admin from [240e:b67:128b:f500:dc61:f578:d55c:7262]) -> 200 (32.886µs)
2026/03/28 04:36:34 [API] GET /api/system/status (用户=admin from [240e:b67:128b:f500:dc61:f578:d55c:7262]) -> 200 (501.720438ms)
2026/03/28 04:36:34 [API] GET /api/system/status (用户=admin from [240e:b67:128b:f500:dc61:f578:d55c:7262]) -> 200 (501.767192ms)
2026/03/28 04:36:44 [API] GET /api/system/status (用户=admin from [240e:b67:128b:f500:dc61:f578:d55c:7262]) -> 200 (501.453588ms)
2026/03/28 04:36:44 [API] GET /api/system/status (用户=admin from [240e:b67:128b:f500:dc61:f578:d55c:7262]) -> 200 (501.502139ms)
2026/03/28 04:36:54 [API] GET /api/system/status (用户=admin from [240e:b67:128b:f500:dc61:f578:d55c:7262]) -> 200 (501.87307ms)
2026/03/28 04:36:54 [API] GET /api/system/status (用户=admin from [240e:b67:128b:f500:dc61:f578:d55c:7262]) -> 200 (501.919337ms)
2026/03/28 04:37:04 [API] GET /api/system/status (用户=admin from [240e:b67:128b:f500:dc61:f578:d55c:7262]) -> 200 (501.938515ms)
2026/03/28 04:37:04 [API] GET /api/system/status (用户=admin from [240e:b67:128b:f500:dc61:f578:d55c:7262]) -> 200 (501.988771ms)
2026/03/28 04:37:12 [API] GET /api/sites (用户=admin from [240e:b67:128b:f500:dc61:f578:d55c:7262]) -> 200 (26.795µs)
2026/03/28 04:37:14 [API] GET /api/system/status (用户=admin from [240e:b67:128b:f500:dc61:f578:d55c:7262]) -> 200 (501.77152ms)
2026/03/28 04:37:14 [API] GET /api/system/status (用户=admin from [240e:b67:128b:f500:dc61:f578:d55c:7262]) -> 200 (501.816838ms)
2026/03/28 04:37:15 [Vhost] 站点 asdasdasd 设为默认站点
2026/03/28 04:37:15 [Sites] 站点配置已重新加载
2026/03/28 04:37:15 [API] POST /api/sites (用户=admin from [240e:b67:128b:f500:dc61:f578:d55c:7262]) -> 200 (452.553µs)
2026/03/28 04:37:17 [访问] / (用户=admin from [240e:b67:128b:f500:dc61:f578:d55c:7262])
2026/03/28 04:37:17 [API] GET /api/status (用户=admin from [240e:b67:128b:f500:dc61:f578:d55c:7262]) -> 200 (292.021µs)
2026/03/28 04:37:17 [API] GET /api/status (用户=admin from [240e:b67:128b:f500:dc61:f578:d55c:7262]) -> 200 (408.235µs)
2026/03/28 04:37:17 [API] GET /api/files (用户=admin from [240e:b67:128b:f500:dc61:f578:d55c:7262]) -> 200 (629.096µs)
2026/03/28 04:37:17 [API] GET /api/sites (用户=admin from [240e:b67:128b:f500:dc61:f578:d55c:7262]) -> 200 (40.22µs)
2026/03/28 04:37:18 [API] GET /api/system/status (用户=admin from [240e:b67:128b:f500:dc61:f578:d55c:7262]) -> 200 (502.131159ms)
2026/03/28 04:37:18 [API] GET /api/system/status (用户=admin from [240e:b67:128b:f500:dc61:f578:d55c:7262]) -> 200 (502.190816ms)
2026/03/28 04:37:18 [API] GET /api/system/status (用户=admin from [240e:b67:128b:f500:dc61:f578:d55c:7262]) -> 200 (502.491966ms)
2026/03/28 04:37:18 [API] GET /api/system/status (用户=admin from [240e:b67:128b:f500:dc61:f578:d55c:7262]) -> 200 (502.545161ms)
2026/03/28 04:37:18 [API] GET /api/system/status (用户=admin from [240e:b67:128b:f500:dc61:f578:d55c:7262]) -> 200 (502.445571ms)
2026/03/28 04:37:18 [API] GET /api/system/status (用户=admin from [240e:b67:128b:f500:dc61:f578:d55c:7262]) -> 200 (502.552899ms)
2026/03/28 04:37:28 [API] GET /api/system/status (用户=admin from [240e:b67:128b:f500:dc61:f578:d55c:7262]) -> 200 (501.825182ms)
2026/03/28 04:37:28 [API] GET /api/system/status (用户=admin from [240e:b67:128b:f500:dc61:f578:d55c:7262]) -> 200 (501.874671ms)
